###############################################################################
#
# IAR ELF Linker V8.30.1.114/W32 for ARM                  27/Apr/2020  19:15:16
# Copyright 2007-2018 IAR Systems AB.
#
#    Output file  =  
#        C:\Users\Чистое небо\Desktop\Э.01.00.00
#        Беспилотный мотодельтаплан\Блок
#        управления
#        электроприводами\firmware\Electric-motor-control\EWARM\Electric
#        motor control\Exe\Electric motor control.out
#    Map file     =  
#        C:\Users\Чистое небо\Desktop\Э.01.00.00
#        Беспилотный мотодельтаплан\Блок
#        управления
#        электроприводами\firmware\Electric-motor-control\EWARM\Electric
#        motor control\List\Electric motor control.map
#    Command line =  
#        -f C:\Users\A146~1\AppData\Local\Temp\EW608C.tmp
#        ("C:\Users\Чистое небо\Desktop\Э.01.00.00
#        Беспилотный мотодельтаплан\Блок
#        управления
#        электроприводами\firmware\Electric-motor-control\EWARM\Electric
#        motor control\Obj\cli.o" "C:\Users\Чистое
#        небо\Desktop\Э.01.00.00 Беспилотный
#        мотодельтаплан\Блок управления
#        электроприводами\firmware\Electric-motor-control\EWARM\Electric
#        motor control\Obj\cli_cmd.o" "C:\Users\Чистое
#        небо\Desktop\Э.01.00.00 Беспилотный
#        мотодельтаплан\Блок управления
#        электроприводами\firmware\Electric-motor-control\EWARM\Electric
#        motor control\Obj\cli_port.o" "C:\Users\Чистое
#        небо\Desktop\Э.01.00.00 Беспилотный
#        мотодельтаплан\Блок управления
#        электроприводами\firmware\Electric-motor-control\EWARM\Electric
#        motor control\Obj\encoder.o" "C:\Users\Чистое
#        небо\Desktop\Э.01.00.00 Беспилотный
#        мотодельтаплан\Блок управления
#        электроприводами\firmware\Electric-motor-control\EWARM\Electric
#        motor control\Obj\main.o" "C:\Users\Чистое
#        небо\Desktop\Э.01.00.00 Беспилотный
#        мотодельтаплан\Блок управления
#        электроприводами\firmware\Electric-motor-control\EWARM\Electric
#        motor control\Obj\MotorDC.o" "C:\Users\Чистое
#        небо\Desktop\Э.01.00.00 Беспилотный
#        мотодельтаплан\Блок управления
#        электроприводами\firmware\Electric-motor-control\EWARM\Electric
#        motor control\Obj\startup_stm32f373xc.o" "C:\Users\Чистое
#        небо\Desktop\Э.01.00.00 Беспилотный
#        мотодельтаплан\Блок управления
#        электроприводами\firmware\Electric-motor-control\EWARM\Electric
#        motor control\Obj\stm32f3xx_hal.o" "C:\Users\Чистое
#        небо\Desktop\Э.01.00.00 Беспилотный
#        мотодельтаплан\Блок управления
#        электроприводами\firmware\Electric-motor-control\EWARM\Electric
#        motor control\Obj\stm32f3xx_hal_can.o" "C:\Users\Чистое
#        небо\Desktop\Э.01.00.00 Беспилотный
#        мотодельтаплан\Блок управления
#        электроприводами\firmware\Electric-motor-control\EWARM\Electric
#        motor control\Obj\stm32f3xx_hal_cortex.o" "C:\Users\Чистое
#        небо\Desktop\Э.01.00.00 Беспилотный
#        мотодельтаплан\Блок управления
#        электроприводами\firmware\Electric-motor-control\EWARM\Electric
#        motor control\Obj\stm32f3xx_hal_dma.o" "C:\Users\Чистое
#        небо\Desktop\Э.01.00.00 Беспилотный
#        мотодельтаплан\Блок управления
#        электроприводами\firmware\Electric-motor-control\EWARM\Electric
#        motor control\Obj\stm32f3xx_hal_exti.o" "C:\Users\Чистое
#        небо\Desktop\Э.01.00.00 Беспилотный
#        мотодельтаплан\Блок управления
#        электроприводами\firmware\Electric-motor-control\EWARM\Electric
#        motor control\Obj\stm32f3xx_hal_flash.o" "C:\Users\Чистое
#        небо\Desktop\Э.01.00.00 Беспилотный
#        мотодельтаплан\Блок управления
#        электроприводами\firmware\Electric-motor-control\EWARM\Electric
#        motor control\Obj\stm32f3xx_hal_flash_ex.o" "C:\Users\Чистое
#        небо\Desktop\Э.01.00.00 Беспилотный
#        мотодельтаплан\Блок управления
#        электроприводами\firmware\Electric-motor-control\EWARM\Electric
#        motor control\Obj\stm32f3xx_hal_gpio.o" "C:\Users\Чистое
#        небо\Desktop\Э.01.00.00 Беспилотный
#        мотодельтаплан\Блок управления
#        электроприводами\firmware\Electric-motor-control\EWARM\Electric
#        motor control\Obj\stm32f3xx_hal_i2c.o" "C:\Users\Чистое
#        небо\Desktop\Э.01.00.00 Беспилотный
#        мотодельтаплан\Блок управления
#        электроприводами\firmware\Electric-motor-control\EWARM\Electric
#        motor control\Obj\stm32f3xx_hal_i2c_ex.o" "C:\Users\Чистое
#        небо\Desktop\Э.01.00.00 Беспилотный
#        мотодельтаплан\Блок управления
#        электроприводами\firmware\Electric-motor-control\EWARM\Electric
#        motor control\Obj\stm32f3xx_hal_msp.o" "C:\Users\Чистое
#        небо\Desktop\Э.01.00.00 Беспилотный
#        мотодельтаплан\Блок управления
#        электроприводами\firmware\Electric-motor-control\EWARM\Electric
#        motor control\Obj\stm32f3xx_hal_pcd.o" "C:\Users\Чистое
#        небо\Desktop\Э.01.00.00 Беспилотный
#        мотодельтаплан\Блок управления
#        электроприводами\firmware\Electric-motor-control\EWARM\Electric
#        motor control\Obj\stm32f3xx_hal_pcd_ex.o" "C:\Users\Чистое
#        небо\Desktop\Э.01.00.00 Беспилотный
#        мотодельтаплан\Блок управления
#        электроприводами\firmware\Electric-motor-control\EWARM\Electric
#        motor control\Obj\stm32f3xx_hal_pwr.o" "C:\Users\Чистое
#        небо\Desktop\Э.01.00.00 Беспилотный
#        мотодельтаплан\Блок управления
#        электроприводами\firmware\Electric-motor-control\EWARM\Electric
#        motor control\Obj\stm32f3xx_hal_pwr_ex.o" "C:\Users\Чистое
#        небо\Desktop\Э.01.00.00 Беспилотный
#        мотодельтаплан\Блок управления
#        электроприводами\firmware\Electric-motor-control\EWARM\Electric
#        motor control\Obj\stm32f3xx_hal_rcc.o" "C:\Users\Чистое
#        небо\Desktop\Э.01.00.00 Беспилотный
#        мотодельтаплан\Блок управления
#        электроприводами\firmware\Electric-motor-control\EWARM\Electric
#        motor control\Obj\stm32f3xx_hal_rcc_ex.o" "C:\Users\Чистое
#        небо\Desktop\Э.01.00.00 Беспилотный
#        мотодельтаплан\Блок управления
#        электроприводами\firmware\Electric-motor-control\EWARM\Electric
#        motor control\Obj\stm32f3xx_hal_sdadc.o" "C:\Users\Чистое
#        небо\Desktop\Э.01.00.00 Беспилотный
#        мотодельтаплан\Блок управления
#        электроприводами\firmware\Electric-motor-control\EWARM\Electric
#        motor control\Obj\stm32f3xx_hal_tim.o" "C:\Users\Чистое
#        небо\Desktop\Э.01.00.00 Беспилотный
#        мотодельтаплан\Блок управления
#        электроприводами\firmware\Electric-motor-control\EWARM\Electric
#        motor control\Obj\stm32f3xx_hal_tim_ex.o" "C:\Users\Чистое
#        небо\Desktop\Э.01.00.00 Беспилотный
#        мотодельтаплан\Блок управления
#        электроприводами\firmware\Electric-motor-control\EWARM\Electric
#        motor control\Obj\stm32f3xx_hal_timebase_tim.o" "C:\Users\Чистое
#        небо\Desktop\Э.01.00.00 Беспилотный
#        мотодельтаплан\Блок управления
#        электроприводами\firmware\Electric-motor-control\EWARM\Electric
#        motor control\Obj\stm32f3xx_it.o" "C:\Users\Чистое
#        небо\Desktop\Э.01.00.00 Беспилотный
#        мотодельтаплан\Блок управления
#        электроприводами\firmware\Electric-motor-control\EWARM\Electric
#        motor control\Obj\stm32f3xx_ll_usb.o" "C:\Users\Чистое
#        небо\Desktop\Э.01.00.00 Беспилотный
#        мотодельтаплан\Блок управления
#        электроприводами\firmware\Electric-motor-control\EWARM\Electric
#        motor control\Obj\system_stm32f3xx.o" "C:\Users\Чистое
#        небо\Desktop\Э.01.00.00 Беспилотный
#        мотодельтаплан\Блок управления
#        электроприводами\firmware\Electric-motor-control\EWARM\Electric
#        motor control\Obj\usb_device.o" "C:\Users\Чистое
#        небо\Desktop\Э.01.00.00 Беспилотный
#        мотодельтаплан\Блок управления
#        электроприводами\firmware\Electric-motor-control\EWARM\Electric
#        motor control\Obj\usbd_cdc.o" "C:\Users\Чистое
#        небо\Desktop\Э.01.00.00 Беспилотный
#        мотодельтаплан\Блок управления
#        электроприводами\firmware\Electric-motor-control\EWARM\Electric
#        motor control\Obj\usbd_cdc_if.o" "C:\Users\Чистое
#        небо\Desktop\Э.01.00.00 Беспилотный
#        мотодельтаплан\Блок управления
#        электроприводами\firmware\Electric-motor-control\EWARM\Electric
#        motor control\Obj\usbd_conf.o" "C:\Users\Чистое
#        небо\Desktop\Э.01.00.00 Беспилотный
#        мотодельтаплан\Блок управления
#        электроприводами\firmware\Electric-motor-control\EWARM\Electric
#        motor control\Obj\usbd_core.o" "C:\Users\Чистое
#        небо\Desktop\Э.01.00.00 Беспилотный
#        мотодельтаплан\Блок управления
#        электроприводами\firmware\Electric-motor-control\EWARM\Electric
#        motor control\Obj\usbd_ctlreq.o" "C:\Users\Чистое
#        небо\Desktop\Э.01.00.00 Беспилотный
#        мотодельтаплан\Блок управления
#        электроприводами\firmware\Electric-motor-control\EWARM\Electric
#        motor control\Obj\usbd_desc.o" "C:\Users\Чистое
#        небо\Desktop\Э.01.00.00 Беспилотный
#        мотодельтаплан\Блок управления
#        электроприводами\firmware\Electric-motor-control\EWARM\Electric
#        motor control\Obj\usbd_ioreq.o" "C:\Users\Чистое
#        небо\Desktop\Э.01.00.00 Беспилотный
#        мотодельтаплан\Блок управления
#        электроприводами\firmware\Electric-motor-control\EWARM\Electric
#        motor control\Obj\vbat.o" --redirect _Printf=_PrintfFull --redirect
#        _Scanf=_ScanfFull --no_out_extension -o "C:\Users\Чистое
#        небо\Desktop\Э.01.00.00 Беспилотный
#        мотодельтаплан\Блок управления
#        электроприводами\firmware\Electric-motor-control\EWARM\Electric
#        motor control\Exe\Electric motor control.out" --map
#        "C:\Users\Чистое небо\Desktop\Э.01.00.00
#        Беспилотный мотодельтаплан\Блок
#        управления
#        электроприводами\firmware\Electric-motor-control\EWARM\Electric
#        motor control\List\Electric motor control.map" --config
#        "C:\Users\Чистое небо\Desktop\Э.01.00.00
#        Беспилотный мотодельтаплан\Блок
#        управления
#        электроприводами\firmware\Electric-motor-control\EWARM/stm32f373xc_flash.icf"
#        --semihosting --entry __iar_program_start --vfe --text_out locale)
#
###############################################################################

*******************************************************************************
*** RUNTIME MODEL ATTRIBUTES
***

CppFlavor                     = *
__CPP_Exceptions              = Disabled
__CPP_Language                = C++14
__Heap_Handler                = Basic
__SystemLibrary               = DLib
__dlib_dynamic_initialization = normal
__dlib_version                = 6


*******************************************************************************
*** HEAP SELECTION
***

The basic heap was selected because no calls to memory allocation
functions were found in the application outside of system library
functions, and there are calls to deallocation functions in the
application.


*******************************************************************************
*** PLACEMENT SUMMARY
***

"A0":  place at 0x800'0000 { ro section .intvec };
"P1":  place in [from 0x800'0000 to 0x803'ffff] { ro };
define block CSTACK with size = 1K, alignment = 8 { };
define block HEAP with size = 512, alignment = 8 { };
"P2":  place in [from 0x2000'0000 to 0x2000'7fff] {
          rw, block CSTACK, block HEAP };
initialize by copy { rw };

  Section                Kind         Address    Size  Object
  -------                ----         -------    ----  ------
"A0":                                           0x188
  .intvec                ro code   0x800'0000   0x188  startup_stm32f373xc.o [1]
                                 - 0x800'0188   0x188

"P1":                                          0x9dc4
  .text                  ro code   0x800'0188   0xf7a  xprintffull.o [2]
  .text                  ro code   0x800'1102    0x7a  lz77_init_single.o [5]
  .text                  ro code   0x800'117c   0x104  xlocale_c.o [2]
  .text                  ro code   0x800'1280    0x16  strchr.o [5]
  .text                  ro code   0x800'1296    0x3a  zero_init3.o [5]
  .text                  ro code   0x800'12d0    0x40  xfail_s.o [2]
  .text                  ro code   0x800'1310    0x36  strlen.o [5]
  .text                  ro code   0x800'1346    0x26  xencoding_8859_1.o [2]
  .text                  ro code   0x800'136c    0x58  memchr.o [5]
  .text                  ro code   0x800'13c4     0xa  xmbcurmax.o [2]
  .text                  ro code   0x800'13ce    0x1e  xsscin.o [2]
  .text                  ro code   0x800'13ec    0xa6  ABImemcpy.o [5]
  .text                  ro code   0x800'1492     0xa  xsprout.o [2]
  .text                  ro code   0x800'149c   0x230  I64DivMod.o [5]
  .text                  ro code   0x800'16cc   0x1a2  DblMul.o [4]
  .rodata                const     0x800'186e     0x2  cli_port.o [1]
  .text                  ro code   0x800'1870    0x70  frexp.o [4]
  .text                  ro code   0x800'18e0    0x2e  DblCmpLe.o [4]
  .rodata                const     0x800'190e     0x1  unwind_debug.o [6]
  .text                  ro code   0x800'1910    0x2e  DblCmpGe.o [4]
  .text                  ro code   0x800'1940   0x13a  ldexp.o [4]
  .text                  ro code   0x800'1a7c    0x3a  DblToS32.o [4]
  .text                  ro code   0x800'1ab8    0x22  S32ToDbl.o [4]
  .text                  ro code   0x800'1adc    0xe2  DblSub.o [4]
  .text                  ro code   0x800'1bc0   0x246  DblDiv.o [4]
  .text                  ro code   0x800'1e08    0x28  DblToU32.o [4]
  .text                  ro code   0x800'1e30    0x1a  U32ToDbl.o [4]
  .text                  ro code   0x800'1e4a     0x6  abort.o [2]
  .text                  ro code   0x800'1e50     0x2  I64DivZer.o [5]
  .text                  ro code   0x800'1e54   0x17a  DblAdd.o [4]
  .text                  ro code   0x800'1fd0    0x14  exit.o [6]
  .text                  ro code   0x800'1fe4   0xeb8  xscanffull.o [2]
  .text                  ro code   0x800'2e9c    0x3c  wctob.o [2]
  .text                  ro code   0x800'2ed8    0x14  isspace.o [2]
  .text                  ro code   0x800'2eec    0x9e  iar_Stollx.o [2]
  .text                  ro code   0x800'2f8c   0x1bc  iar_Stoullx.o [2]
  .text                  ro code   0x800'3148   0x578  strto64.o [4]
  .text                  ro code   0x800'36c0    0x14  isalpha.o [2]
  .text                  ro code   0x800'36d4    0x68  DblToFlt.o [4]
  .text                  ro code   0x800'373c    0x14  tolower.o [2]
  .text                  ro code   0x800'3750   0x122  iar_Stopfx.o [2]
  .text                  ro code   0x800'3874   0x1c4  iar_Stoflt.o [2]
  .text                  ro code   0x800'3a38   0x21c  iar_Stoxflt.o [2]
  .rodata                const     0x800'3c54   0x7ac  cli_port.o [1]
  .text                  ro code   0x800'4400   0x76a  stm32f3xx_hal_tim.o [1]
  .text                  ro code   0x800'4b6c   0x2d8  stm32f3xx_hal_msp.o [1]
  .text                  ro code   0x800'4e44     0x2  stm32f3xx_hal_tim.o [1]
  .text                  ro code   0x800'4e46     0x2  stm32f3xx_hal_tim.o [1]
  .text                  ro code   0x800'4e48     0x2  stm32f3xx_hal_tim.o [1]
  .text                  ro code   0x800'4e4c   0x6c0  main.o [1]
  .text                  ro code   0x800'550c     0x2  stm32f3xx_hal_tim_ex.o [1]
  .text                  ro code   0x800'550e     0x2  stm32f3xx_hal_tim.o [1]
  .text                  ro code   0x800'5510     0x2  stm32f3xx_hal_tim_ex.o [1]
  .text                  ro code   0x800'5512     0x2  stm32f3xx_hal_tim.o [1]
  .text                  ro code   0x800'5514     0x6  ABImemclr4.o [5]
  .text                  ro code   0x800'551c   0x1c4  stm32f3xx_hal_gpio.o [1]
  .text                  ro code   0x800'56e0    0x98  stm32f3xx_hal_cortex.o [1]
  .text                  ro code   0x800'5778   0x144  stm32f3xx_hal_dma.o [1]
  .text                  ro code   0x800'58bc    0x24  stm32f3xx_hal.o [1]
  .text                  ro code   0x800'58e0   0x604  stm32f3xx_hal_can.o [1]
  .text                  ro code   0x800'5ee4   0x414  stm32f3xx_hal_sdadc.o [1]
  .text                  ro code   0x800'62f8    0x80  stm32f3xx_hal_tim_ex.o [1]
  .text                  ro code   0x800'6378    0x54  usb_device.o [1]
  .text                  ro code   0x800'63cc    0x2a  encoder.o [1]
  .text                  ro code   0x800'63f8   0x1fc  cli_port.o [1]
  .text                  ro code   0x800'65f4   0x4f0  stm32f3xx_hal_rcc.o [1]
  .text                  ro code   0x800'6ae4   0x16c  stm32f3xx_hal_rcc_ex.o [1]
  .text                  ro code   0x800'6c50    0x2c  stm32f3xx_hal_pwr_ex.o [1]
  .text                  ro code   0x800'6c7c    0x10  stm32f3xx_hal.o [1]
  .text                  ro code   0x800'6c8c    0x28  stm32f3xx_hal.o [1]
  .text                  ro code   0x800'6cb4    0x32  ABImemset48.o [5]
  .text                  ro code   0x800'6ce8    0x78  stm32f3xx_hal_timebase_tim.o [1]
  .text                  ro code   0x800'6d60     0xc  stm32f3xx_hal.o [1]
  .text                  ro code   0x800'6d6c     0x2  stm32f3xx_hal_can.o [1]
  .text                  ro code   0x800'6d6e     0x2  stm32f3xx_hal_can.o [1]
  .text                  ro code   0x800'6d70     0x2  stm32f3xx_hal_can.o [1]
  .text                  ro code   0x800'6d72     0x2  stm32f3xx_hal_can.o [1]
  .text                  ro code   0x800'6d74     0x2  stm32f3xx_hal_can.o [1]
  .text                  ro code   0x800'6d76     0x2  stm32f3xx_hal_can.o [1]
  .text                  ro code   0x800'6d78     0x2  stm32f3xx_hal_can.o [1]
  .text                  ro code   0x800'6d7a     0x2  stm32f3xx_hal_can.o [1]
  .text                  ro code   0x800'6d7c     0x2  stm32f3xx_hal_can.o [1]
  .text                  ro code   0x800'6d7e     0x2  stm32f3xx_hal_can.o [1]
  .text                  ro code   0x800'6d80     0x2  stm32f3xx_hal_can.o [1]
  .text                  ro code   0x800'6d82     0x2  stm32f3xx_hal_can.o [1]
  .text                  ro code   0x800'6d84     0x2  stm32f3xx_hal_sdadc.o [1]
  .text                  ro code   0x800'6d86   0x27c  usbd_core.o [1]
  .text                  ro code   0x800'7004   0x2c4  usbd_cdc.o [1]
  .text                  ro code   0x800'72c8    0x64  cli_port.o [1]
  .text                  ro code   0x800'732c    0x6c  usbd_cdc_if.o [1]
  .text                  ro code   0x800'7398    0x34  vsprintf.o [2]
  .text                  ro code   0x800'73cc    0x20  vsscanf.o [2]
  .text                  ro code   0x800'73ec    0x88  cli_port.o [1]
  .text                  ro code   0x800'7474   0x226  usbd_conf.o [1]
  .text                  ro code   0x800'769c   0x462  usbd_ctlreq.o [1]
  .text                  ro code   0x800'7afe    0x60  usbd_ioreq.o [1]
  .text                  ro code   0x800'7b60    0x4c  strcpy.o [5]
  .text                  ro code   0x800'7bac   0x2a4  cli_port.o [1]
  .text                  ro code   0x800'7e50   0x480  cli_port.o [1]
  .text                  ro code   0x800'82d0   0x61e  stm32f3xx_hal_pcd.o [1]
  .text                  ro code   0x800'88ee    0x32  stm32f3xx_hal_pcd_ex.o [1]
  .text                  ro code   0x800'8920    0xc2  cli.o [1]
  .text                  ro code   0x800'89e4    0x28  sscanf.o [2]
  .text                  ro code   0x800'8a0c    0x2c  cli_port.o [1]
  .text                  ro code   0x800'8a38    0x2a  cli_port.o [1]
  .text                  ro code   0x800'8a64   0x64a  stm32f3xx_ll_usb.o [1]
  .text                  ro code   0x800'90b0   0x64c  cli_cmd.o [1]
  .text                  ro code   0x800'96fc   0x14e  MotorDC.o [1]
  .text                  ro code   0x800'984a    0x3a  vbat.o [1]
  .text                  ro code   0x800'9884    0x48  FltToDbl.o [4]
  .text                  ro code   0x800'98cc   0x100  usbd_desc.o [1]
  .rodata                const     0x800'99cc    0x78  cli_port.o [1]
  .rodata                const     0x800'9a44    0x48  cli_port.o [1]
  .rodata                const     0x800'9a8c    0x48  cli_port.o [1]
  .text                  ro code   0x800'9ad4    0x38  stm32f3xx_it.o [1]
  .rodata                const     0x800'9b0c    0x34  cli_port.o [1]
  .text                  ro code   0x800'9b40    0x2c  system_stm32f3xx.o [1]
  .text                  ro code   0x800'9b6c    0x28  data_init.o [5]
  .text                  ro code   0x800'9b94    0x22  fpinit_M.o [4]
  .iar.init_table        const     0x800'9bb8    0x24  - Linker created -
  .rodata                const     0x800'9bdc    0x20  cli_port.o [1]
  .text                  ro code   0x800'9bfc    0x20  cmain_call_ctors.o [5]
  .text                  ro code   0x800'9c1c    0x18  cppinit.o [2]
  .text                  ro code   0x800'9c34    0x1e  cmain.o [5]
  .text                  ro code   0x800'9c52     0x4  low_level_init.o [2]
  .text                  ro code   0x800'9c56     0x4  exit.o [2]
  .text                  ro code   0x800'9c5c     0xa  cexit.o [5]
  .rodata                const     0x800'9c68    0x14  cli_port.o [1]
  .rodata                const     0x800'9c7c    0x14  cli_port.o [1]
  .text                  ro code   0x800'9c90    0x10  startup_stm32f373xc.o [1]
  .rodata                const     0x800'9ca0     0xc  cli_port.o [1]
  .text                  ro code   0x800'9cac     0xc  cstartup_M.o [5]
  .rodata                const     0x800'9cb8     0x8  cli_port.o [1]
  .rodata                const     0x800'9cc0     0x8  cli_port.o [1]
  .rodata                const     0x800'9cc8     0x8  cli_port.o [1]
  .rodata                const     0x800'9cd0     0x8  cli_port.o [1]
  .rodata                const     0x800'9cd8     0x8  cli_port.o [1]
  .rodata                const     0x800'9ce0     0x8  cli_port.o [1]
  .rodata                const     0x800'9ce8     0x8  cli_port.o [1]
  .rodata                const     0x800'9cf0     0x8  cli_port.o [1]
  .rodata                const     0x800'9cf8     0x8  cli_port.o [1]
  .rodata                const     0x800'9d00     0x8  cli_port.o [1]
  .rodata                const     0x800'9d08     0x8  cli_port.o [1]
  .rodata                const     0x800'9d10     0x8  system_stm32f3xx.o [1]
  .rodata                const     0x800'9d18     0x6  xlocale_c.o [2]
  .rodata                const     0x800'9d20     0x4  cli_port.o [1]
  .rodata                const     0x800'9d24     0x4  cli_port.o [1]
  .rodata                const     0x800'9d28     0x4  cli_port.o [1]
  .rodata                const     0x800'9d2c     0x4  cli_port.o [1]
  .rodata                const     0x800'9d30     0x4  cli_port.o [1]
  .rodata                const     0x800'9d34     0x4  cli_port.o [1]
  .rodata                const     0x800'9d38     0x4  cli_port.o [1]
  .rodata                const     0x800'9d3c     0x4  cli_port.o [1]
  .text                  ro code   0x800'9d40     0x4  startup_stm32f373xc.o [1]
  .text                  ro code   0x800'9d44     0x4  startup_stm32f373xc.o [1]
  .text                  ro code   0x800'9d48     0x4  startup_stm32f373xc.o [1]
  .text                  ro code   0x800'9d4c     0x4  startup_stm32f373xc.o [1]
  .text                  ro code   0x800'9d50     0x4  startup_stm32f373xc.o [1]
  .text                  ro code   0x800'9d54     0x4  startup_stm32f373xc.o [1]
  .text                  ro code   0x800'9d58     0x4  startup_stm32f373xc.o [1]
  .text                  ro code   0x800'9d5c     0x4  startup_stm32f373xc.o [1]
  .text                  ro code   0x800'9d60     0x4  startup_stm32f373xc.o [1]
  .text                  ro code   0x800'9d64     0x4  startup_stm32f373xc.o [1]
  .text                  ro code   0x800'9d68     0x4  startup_stm32f373xc.o [1]
  .text                  ro code   0x800'9d6c     0x4  startup_stm32f373xc.o [1]
  .text                  ro code   0x800'9d70     0x4  startup_stm32f373xc.o [1]
  .text                  ro code   0x800'9d74     0x4  startup_stm32f373xc.o [1]
  .text                  ro code   0x800'9d78     0x4  startup_stm32f373xc.o [1]
  .text                  ro code   0x800'9d7c     0x4  startup_stm32f373xc.o [1]
  .text                  ro code   0x800'9d80     0x4  startup_stm32f373xc.o [1]
  .text                  ro code   0x800'9d84     0x4  startup_stm32f373xc.o [1]
  .text                  ro code   0x800'9d88     0x4  startup_stm32f373xc.o [1]
  .text                  ro code   0x800'9d8c     0x4  startup_stm32f373xc.o [1]
  .text                  ro code   0x800'9d90     0x4  startup_stm32f373xc.o [1]
  .text                  ro code   0x800'9d94     0x4  startup_stm32f373xc.o [1]
  .text                  ro code   0x800'9d98     0x4  startup_stm32f373xc.o [1]
  .text                  ro code   0x800'9d9c     0x4  startup_stm32f373xc.o [1]
  .text                  ro code   0x800'9da0     0x4  startup_stm32f373xc.o [1]
  .text                  ro code   0x800'9da4     0x4  startup_stm32f373xc.o [1]
  .text                  ro code   0x800'9da8     0x4  startup_stm32f373xc.o [1]
  .text                  ro code   0x800'9dac     0x4  startup_stm32f373xc.o [1]
  .text                  ro code   0x800'9db0     0x4  startup_stm32f373xc.o [1]
  .text                  ro code   0x800'9db4     0x4  startup_stm32f373xc.o [1]
  .text                  ro code   0x800'9db8     0x4  startup_stm32f373xc.o [1]
  .text                  ro code   0x800'9dbc     0x4  startup_stm32f373xc.o [1]
  .text                  ro code   0x800'9dc0     0x4  startup_stm32f373xc.o [1]
  .text                  ro code   0x800'9dc4     0x4  startup_stm32f373xc.o [1]
  .text                  ro code   0x800'9dc8     0x4  startup_stm32f373xc.o [1]
  .text                  ro code   0x800'9dcc     0x4  startup_stm32f373xc.o [1]
  .text                  ro code   0x800'9dd0     0x4  startup_stm32f373xc.o [1]
  .text                  ro code   0x800'9dd4     0x4  startup_stm32f373xc.o [1]
  .text                  ro code   0x800'9dd8     0x4  startup_stm32f373xc.o [1]
  .text                  ro code   0x800'9ddc     0x4  startup_stm32f373xc.o [1]
  .text                  ro code   0x800'9de0     0x4  startup_stm32f373xc.o [1]
  .text                  ro code   0x800'9de4     0x4  startup_stm32f373xc.o [1]
  .text                  ro code   0x800'9de8     0x4  startup_stm32f373xc.o [1]
  .text                  ro code   0x800'9dec     0x4  startup_stm32f373xc.o [1]
  .text                  ro code   0x800'9df0     0x4  startup_stm32f373xc.o [1]
  .text                  ro code   0x800'9df4     0x4  startup_stm32f373xc.o [1]
  .text                  ro code   0x800'9df8     0x4  startup_stm32f373xc.o [1]
  .text                  ro code   0x800'9dfc     0x4  startup_stm32f373xc.o [1]
  .text                  ro code   0x800'9e00     0x4  startup_stm32f373xc.o [1]
  .text                  ro code   0x800'9e04     0x4  startup_stm32f373xc.o [1]
  .text                  ro code   0x800'9e08     0x4  startup_stm32f373xc.o [1]
  .text                  ro code   0x800'9e0c     0x4  startup_stm32f373xc.o [1]
  .text                  ro code   0x800'9e10     0x4  startup_stm32f373xc.o [1]
  .text                  ro code   0x800'9e14     0x4  startup_stm32f373xc.o [1]
  .text                  ro code   0x800'9e18     0x4  startup_stm32f373xc.o [1]
  .text                  ro code   0x800'9e1c     0x4  startup_stm32f373xc.o [1]
  .text                  ro code   0x800'9e20     0x4  startup_stm32f373xc.o [1]
  .text                  ro code   0x800'9e24     0x4  startup_stm32f373xc.o [1]
  .text                  ro code   0x800'9e28     0x4  startup_stm32f373xc.o [1]
  .text                  ro code   0x800'9e2c     0x4  startup_stm32f373xc.o [1]
  .text                  ro code   0x800'9e30     0x4  startup_stm32f373xc.o [1]
  SHT$$PREINIT_ARRAY               0x800'9e34     0x0  <Block>
  SHT$$INIT_ARRAY                  0x800'9e34     0x4  <Block>
    .init_array          const     0x800'9e34     0x4  cli_port.o [1]
  __iar_tls$$INIT_ARRAY            0x800'9e38     0x0  <Block>
  .rodata                const     0x800'9e38     0x0  zero_init3.o [5]
  .rodata                const     0x800'9e38     0x0  lz77_init_single.o [5]
  Initializer bytes      const     0x800'9e38   0x114  <for P2-1>
                                 - 0x800'9f4c  0x9dc4

"P2", part 1 of 3:                              0x200
  P2-1                            0x2000'0000   0x200  <Init block>
    .data                inited   0x2000'0000     0xc  stm32f3xx_hal.o [1]
    .data                inited   0x2000'000c     0x4  system_stm32f3xx.o [1]
    .data                inited   0x2000'0010     0xc  usbd_cdc.o [1]
    .data                inited   0x2000'001c    0x38  usbd_cdc.o [1]
    .data                inited   0x2000'0054    0x44  usbd_cdc.o [1]
    .data                inited   0x2000'0098    0x44  usbd_cdc.o [1]
    .data                inited   0x2000'00dc    0x44  usbd_cdc.o [1]
    .data                inited   0x2000'0120    0x10  usbd_cdc_if.o [1]
    .data                inited   0x2000'0130    0x1c  usbd_desc.o [1]
    .data                inited   0x2000'014c    0x14  usbd_desc.o [1]
    .data                inited   0x2000'0160     0x4  usbd_desc.o [1]
    .data                inited   0x2000'0164    0x1c  usbd_desc.o [1]
    .data                inited   0x2000'0180    0x38  xlocale_c.o [2]
    .data                inited   0x2000'01b8    0x48  xlocale_c.o [2]
                                - 0x2000'0200   0x200

"P2", part 2 of 3:                             0x23a4
  .bss                   zero     0x2000'0200   0xba0  cli_port.o [1]
  .bss                   zero     0x2000'0da0   0x7d0  usbd_cdc_if.o [1]
  .bss                   zero     0x2000'1570   0x400  cli_port.o [1]
  .bss                   zero     0x2000'1970   0x2c4  usb_device.o [1]
  .bss                   zero     0x2000'1c34   0x26c  usbd_conf.o [1]
  .bss                   zero     0x2000'1ea0   0x220  usbd_conf.o [1]
  .bss                   zero     0x2000'20c0   0x218  main.o [1]
  .bss                   zero     0x2000'22d8   0x200  usbd_desc.o [1]
  .bss                   zero     0x2000'24d8    0x44  main.o [1]
  .bss                   zero     0x2000'251c    0x40  cli_port.o [1]
  .bss                   zero     0x2000'255c    0x40  stm32f3xx_hal_timebase_tim.o [1]
  .bss                   zero     0x2000'259c     0x4  xfail_s.o [2]
  .bss                   zero     0x2000'25a0     0x1  cli_port.o [1]
  .bss                   zero     0x2000'25a1     0x1  usbd_ctlreq.o [1]
                                - 0x2000'25a2  0x23a2

"P2", part 3 of 3:                              0x400
  CSTACK                          0x2000'25a8   0x400  <Block>
    CSTACK               uninit   0x2000'25a8   0x400  <Block tail>
                                - 0x2000'29a8   0x400

Unused ranges:

         From           To      Size
         ----           --      ----
   0x800'9f4c   0x803'ffff  0x3'60b4
  0x2000'25a4  0x2000'25a7       0x4
  0x2000'29a8  0x2000'7fff    0x5658


*******************************************************************************
*** INIT TABLE
***

          Address      Size
          -------      ----
Zero (__iar_zero_init3)
    1 destination range, total size 0x23a2:
          0x2000'0200  0x23a2

Copy/lz77 (__iar_lz77_init_single3)
    1 source range, total size 0x114 (53% of destination):
           0x800'9e38   0x114
    1 destination range, total size 0x200:
          0x2000'0000   0x200

Extra (__iar_cstart_call_ctors)



*******************************************************************************
*** MODULE SUMMARY
***

    Module                        ro code  ro data  rw data
    ------                        -------  -------  -------
command line/config:
    -------------------------------------------------------
    Total:

C:\Users\Чистое небо\Desktop\Э.01.00.00 Беспилотный мотодельтаплан\Блок управления электроприводами\firmware\Electric-motor-control\EWARM\Electric motor control\Obj: [1]
    MotorDC.o                         334
    cli.o                             194
    cli_cmd.o                       1 612
    cli_port.o                      2 658    2 490    4 065
    encoder.o                          42
    main.o                          1 728               604
    startup_stm32f373xc.o             652
    stm32f3xx_hal.o                   104        6       12
    stm32f3xx_hal_can.o             1 564
    stm32f3xx_hal_cortex.o            152
    stm32f3xx_hal_dma.o               324
    stm32f3xx_hal_gpio.o              452
    stm32f3xx_hal_msp.o               728
    stm32f3xx_hal_pcd.o             1 566
    stm32f3xx_hal_pcd_ex.o             50
    stm32f3xx_hal_pwr_ex.o             44
    stm32f3xx_hal_rcc.o             1 264
    stm32f3xx_hal_rcc_ex.o            364
    stm32f3xx_hal_sdadc.o           1 046
    stm32f3xx_hal_tim.o             1 908
    stm32f3xx_hal_tim_ex.o            132
    stm32f3xx_hal_timebase_tim.o      120                64
    stm32f3xx_it.o                     56
    stm32f3xx_ll_usb.o              1 610
    system_stm32f3xx.o                 44       10        4
    usb_device.o                       84               708
    usbd_cdc.o                        708      147      272
    usbd_cdc_if.o                     108        8    2 016
    usbd_conf.o                       550             1 164
    usbd_core.o                       636
    usbd_ctlreq.o                   1 122                 1
    usbd_desc.o                       256       44      592
    usbd_ioreq.o                       96
    vbat.o                             58
    -------------------------------------------------------
    Total:                         22 366    2 705    9 502

dl7M_tlf.a: [2]
    abort.o                             6
    cppinit.o                          24
    exit.o                              4
    iar_Stoflt.o                      452
    iar_Stollx.o                      158
    iar_Stopfx.o                      290
    iar_Stoullx.o                     444
    iar_Stoxflt.o                     540
    isalpha.o                          20
    isspace.o                          20
    low_level_init.o                    4
    sscanf.o                           40
    tolower.o                          20
    vsprintf.o                         52
    vsscanf.o                          32
    wctob.o                            60
    xencoding_8859_1.o                 38
    xfail_s.o                          64                 4
    xlocale_c.o                       260       75      128
    xmbcurmax.o                        10
    xprintffull.o                   3 962
    xscanffull.o                    3 768
    xsprout.o                          10
    xsscin.o                           30
    -------------------------------------------------------
    Total:                         10 308       75      132

dlpp7M_tl_fc.a: [3]
    -------------------------------------------------------
    Total:

m7M_tls.a: [4]
    DblAdd.o                          378
    DblCmpGe.o                         46
    DblCmpLe.o                         46
    DblDiv.o                          582
    DblMul.o                          418
    DblSub.o                          226
    DblToFlt.o                        104
    DblToS32.o                         58
    DblToU32.o                         40
    FltToDbl.o                         72
    S32ToDbl.o                         34
    U32ToDbl.o                         26
    fpinit_M.o                         34
    frexp.o                           112
    ldexp.o                           314
    strto64.o                       1 400
    -------------------------------------------------------
    Total:                          3 890

rt7M_tl.a: [5]
    ABImemclr4.o                        6
    ABImemcpy.o                       166
    ABImemset48.o                      50
    I64DivMod.o                       560
    I64DivZer.o                         2
    cexit.o                            10
    cmain.o                            30
    cmain_call_ctors.o                 32
    cstartup_M.o                       12
    data_init.o                        40
    lz77_init_single.o                122
    memchr.o                           88
    strchr.o                           22
    strcpy.o                           76
    strlen.o                           54
    zero_init3.o                       58
    -------------------------------------------------------
    Total:                          1 328

shb_l.a: [6]
    exit.o                             20
    unwind_debug.o                               1
    -------------------------------------------------------
    Total:                             20        1

    Gaps                               45        6
    Linker created                              36    1 024
-----------------------------------------------------------
    Grand Total:                   37 957    2 823   10 658


*******************************************************************************
*** ENTRY LIST
***

Entry                       Address   Size  Type      Object
-----                       -------   ----  ----      ------
.iar.init_table$$Base    0x800'9bb8          --   Gb  - Linker created -
.iar.init_table$$Limit   0x800'9bdc          --   Gb  - Linker created -
?main                    0x800'9c35         Code  Gb  cmain.o [5]
AHBPrescTable            0x800'9b5c   0x10  Data  Gb  system_stm32f3xx.o [1]
APBPrescTable            0x800'9d10    0x8  Data  Gb  system_stm32f3xx.o [1]
BusFault_Handler         0x800'9adb    0x2  Code  Gb  stm32f3xx_it.o [1]
CAN_RX0_IRQHandler       0x800'9ae5    0x6  Code  Gb  stm32f3xx_it.o [1]
CDC_Control_FS           0x800'734f    0x4  Code  Lc  usbd_cdc_if.o [1]
CDC_DeInit_FS            0x800'734b    0x4  Code  Lc  usbd_cdc_if.o [1]
CDC_Init_FS              0x800'732d   0x1e  Code  Lc  usbd_cdc_if.o [1]
CDC_Receive_FS           0x800'7353   0x16  Code  Lc  usbd_cdc_if.o [1]
CDC_Transmit_FS          0x800'7369   0x26  Code  Gb  usbd_cdc_if.o [1]
CLI_CommandsParser       0x800'90b1  0x40c  Code  Gb  cli_cmd.o [1]
CLI_HLP                  0x800'3c84  0x42c  Data  Lc  cli_port.o [1]
CLI_STR_INVALID_KEYWORD
                         0x800'96dc   0x20  Data  Lc  cli_cmd.o [1]
CLI_STR_INVALID_KEYWORD
                         0x800'40b0   0x20  Data  Lc  cli_port.o [1]
CLI_STR_UNKNOWN_COMMAND
                         0x800'96bc   0x20  Data  Lc  cli_cmd.o [1]
CSTACK$$Base            0x2000'25a8          --   Gb  - Linker created -
CSTACK$$Limit           0x2000'29a8          --   Gb  - Linker created -
CacheMore                0x800'11bd   0x24  Code  Lc  xlocale_c.o [2]
DBG_CLI_IOStruct         0x800'65e4   0x10  Data  Lc  cli_port.o [1]
DBG_CLI_UART            0x2000'07d0  0x5d0  Data  Gb  cli_port.o [1]
DBG_CLI_USB             0x2000'0200  0x5d0  Data  Gb  cli_port.o [1]
DBG_CLI_USB_Task         0x800'652d    0xc  Code  Gb  cli_port.o [1]
DMA2_Channel3_IRQHandler
                         0x800'9af1    0x6  Code  Gb  stm32f3xx_it.o [1]
DMA_CalcBaseAndBitshift
                         0x800'5879   0x2e  Code  Lc  stm32f3xx_hal_dma.o [1]
DbgPrintf                0x800'6455   0x50  Code  Gb  cli_port.o [1]
DbgPrintf::USB_printf_buff
                        0x2000'1570  0x400  Data  Lc  cli_port.o [1]
DbgScanf                 0x800'64d5   0x52  Code  Gb  cli_port.o [1]
DbgScanf::USB_scanf_buff
                        0x2000'251c   0x40  Data  Lc  cli_port.o [1]
DbgUSBPutChar            0x800'6435   0x20  Code  Gb  cli_port.o [1]
DbgUSBReadChar           0x800'64a5   0x30  Code  Gb  cli_port.o [1]
DebugMon_Handler         0x800'9ae1    0x2  Code  Gb  stm32f3xx_it.o [1]
Dtentox                  0x800'32ed  0x192  Code  Lc  strto64.o [4]
EncPitch                0x2000'2130   0x10  Data  Gb  main.o [1]
EncRoll                 0x2000'2120   0x10  Data  Gb  main.o [1]
Error_Handler            0x800'547f   0x28  Code  Gb  main.o [1]
FS_Desc                 0x2000'0130   0x1c  Data  Gb  usbd_desc.o [1]
GetEnc                   0x800'63cd   0x10  Code  Gb  encoder.o [1]
GetVoltageBat            0x800'984b   0x3a  Code  Gb  vbat.o [1]
HAL_CAN_ActivateNotification
                         0x800'5cd1   0x16  Code  Gb  stm32f3xx_hal_can.o [1]
HAL_CAN_AddTxMessage     0x800'5b03   0xc4  Code  Gb  stm32f3xx_hal_can.o [1]
HAL_CAN_ConfigFilter     0x800'59cf   0xb0  Code  Gb  stm32f3xx_hal_can.o [1]
HAL_CAN_GetRxMessage     0x800'5bd9   0xe4  Code  Gb  stm32f3xx_hal_can.o [1]
HAL_CAN_IRQHandler       0x800'5ced  0x1f8  Code  Gb  stm32f3xx_hal_can.o [1]
HAL_CAN_Init             0x800'58e1   0xe6  Code  Gb  stm32f3xx_hal_can.o [1]
HAL_CAN_MspInit          0x800'4b9b   0x6e  Code  Gb  stm32f3xx_hal_msp.o [1]
HAL_CAN_RxFifo0MsgPendingCallback
                         0x800'542d   0x44  Code  Gb  main.o [1]
HAL_CAN_Start            0x800'5a91   0x4c  Code  Gb  stm32f3xx_hal_can.o [1]
HAL_DMA_IRQHandler       0x800'57c7   0xa6  Code  Gb  stm32f3xx_hal_dma.o [1]
HAL_DMA_Init             0x800'5779   0x4e  Code  Gb  stm32f3xx_hal_dma.o [1]
HAL_Delay                0x800'6c8d   0x28  Code  Wk  stm32f3xx_hal.o [1]
HAL_GPIO_Init            0x800'551d  0x192  Code  Gb  stm32f3xx_hal_gpio.o [1]
HAL_GPIO_TogglePin       0x800'56b9    0xc  Code  Gb  stm32f3xx_hal_gpio.o [1]
HAL_GPIO_WritePin        0x800'56af    0xa  Code  Gb  stm32f3xx_hal_gpio.o [1]
HAL_GetTick              0x800'6d61    0xc  Code  Wk  stm32f3xx_hal.o [1]
HAL_IncTick              0x800'6c7d   0x10  Code  Wk  stm32f3xx_hal.o [1]
HAL_Init                 0x800'58bd   0x20  Code  Gb  stm32f3xx_hal.o [1]
HAL_InitTick             0x800'6ce9   0x68  Code  Gb  stm32f3xx_hal_timebase_tim.o [1]
HAL_MspInit              0x800'4b6d   0x2e  Code  Gb  stm32f3xx_hal_msp.o [1]
HAL_NVIC_EnableIRQ       0x800'574f   0x16  Code  Gb  stm32f3xx_hal_cortex.o [1]
HAL_NVIC_SetPriority     0x800'5715   0x3a  Code  Gb  stm32f3xx_hal_cortex.o [1]
HAL_NVIC_SetPriorityGrouping
                         0x800'56fb   0x1a  Code  Gb  stm32f3xx_hal_cortex.o [1]
HAL_PCDEx_PMAConfig      0x800'88ef   0x32  Code  Gb  stm32f3xx_hal_pcd_ex.o [1]
HAL_PCDEx_SetConnectionState
                         0x800'7687    0x2  Code  Gb  usbd_conf.o [1]
HAL_PCD_DataInStageCallback
                         0x800'7501    0xe  Code  Gb  usbd_conf.o [1]
HAL_PCD_DataOutStageCallback
                         0x800'74f1   0x10  Code  Gb  usbd_conf.o [1]
HAL_PCD_EP_Close         0x800'8527   0x1c  Code  Gb  stm32f3xx_hal_pcd.o [1]
HAL_PCD_EP_ClrStall      0x800'85ff   0x2e  Code  Gb  stm32f3xx_hal_pcd.o [1]
HAL_PCD_EP_GetRxCount    0x800'8561    0xe  Code  Gb  stm32f3xx_hal_pcd.o [1]
HAL_PCD_EP_Open          0x800'84d3   0x54  Code  Gb  stm32f3xx_hal_pcd.o [1]
HAL_PCD_EP_Receive       0x800'8543   0x1e  Code  Gb  stm32f3xx_hal_pcd.o [1]
HAL_PCD_EP_SetStall      0x800'8599   0x5e  Code  Gb  stm32f3xx_hal_pcd.o [1]
HAL_PCD_EP_Transmit      0x800'856f   0x1c  Code  Gb  stm32f3xx_hal_pcd.o [1]
HAL_PCD_IRQHandler       0x800'838d   0xfa  Code  Gb  stm32f3xx_hal_pcd.o [1]
HAL_PCD_Init             0x800'82d1   0x96  Code  Gb  stm32f3xx_hal_pcd.o [1]
HAL_PCD_MspInit          0x800'7475   0x70  Code  Gb  usbd_conf.o [1]
HAL_PCD_ResetCallback    0x800'7517   0x24  Code  Gb  usbd_conf.o [1]
HAL_PCD_ResumeCallback   0x800'7557    0x8  Code  Gb  usbd_conf.o [1]
HAL_PCD_SOFCallback      0x800'750f    0x8  Code  Gb  usbd_conf.o [1]
HAL_PCD_SetAddress       0x800'84b5   0x1e  Code  Gb  stm32f3xx_hal_pcd.o [1]
HAL_PCD_SetupStageCallback
                         0x800'74e5    0xc  Code  Gb  usbd_conf.o [1]
HAL_PCD_Start            0x800'8367   0x1e  Code  Gb  stm32f3xx_hal_pcd.o [1]
HAL_PCD_SuspendCallback
                         0x800'753b   0x1c  Code  Gb  usbd_conf.o [1]
HAL_PWREx_EnableSDADC    0x800'6c51   0x22  Code  Gb  stm32f3xx_hal_pwr_ex.o [1]
HAL_RCCEx_PeriphCLKConfig
                         0x800'6ae5  0x160  Code  Gb  stm32f3xx_hal_rcc_ex.o [1]
HAL_RCC_ClockConfig      0x800'6903   0xe2  Code  Gb  stm32f3xx_hal_rcc.o [1]
HAL_RCC_GetClockConfig   0x800'6a5f   0x36  Code  Gb  stm32f3xx_hal_rcc.o [1]
HAL_RCC_GetPCLK1Freq     0x800'6a49   0x10  Code  Gb  stm32f3xx_hal_rcc.o [1]
HAL_RCC_GetSysClockFreq
                         0x800'6a0d   0x3c  Code  Gb  stm32f3xx_hal_rcc.o [1]
HAL_RCC_OscConfig        0x800'65f5  0x2fc  Code  Gb  stm32f3xx_hal_rcc.o [1]
HAL_SDADC_AssociateChannelConfig
                         0x800'5fc9   0x5c  Code  Gb  stm32f3xx_hal_sdadc.o [1]
HAL_SDADC_CalibrationStart
                         0x800'60f9   0x2e  Code  Gb  stm32f3xx_hal_sdadc.o [1]
HAL_SDADC_Init           0x800'5ee5   0x98  Code  Gb  stm32f3xx_hal_sdadc.o [1]
HAL_SDADC_InjectedConfigChannel
                         0x800'6025   0x42  Code  Gb  stm32f3xx_hal_sdadc.o [1]
HAL_SDADC_InjectedGetValue
                         0x800'6247    0xe  Code  Gb  stm32f3xx_hal_sdadc.o [1]
HAL_SDADC_InjectedStart
                         0x800'61a7   0x12  Code  Gb  stm32f3xx_hal_sdadc.o [1]
HAL_SDADC_MspInit        0x800'4c09   0xde  Code  Gb  stm32f3xx_hal_msp.o [1]
HAL_SDADC_PollForCalibEvent
                         0x800'6139   0x4a  Code  Gb  stm32f3xx_hal_sdadc.o [1]
HAL_SDADC_PollForInjectedConversion
                         0x800'61b9   0x82  Code  Gb  stm32f3xx_hal_sdadc.o [1]
HAL_SDADC_PrepareChannelConfig
                         0x800'5f7d   0x4c  Code  Gb  stm32f3xx_hal_sdadc.o [1]
HAL_SDADC_SelectInjectedDelay
                         0x800'60a7   0x3c  Code  Gb  stm32f3xx_hal_sdadc.o [1]
HAL_SDADC_SelectInjectedTrigger
                         0x800'6087   0x20  Code  Gb  stm32f3xx_hal_sdadc.o [1]
HAL_SDADC_SelectRegularTrigger
                         0x800'6067   0x20  Code  Gb  stm32f3xx_hal_sdadc.o [1]
HAL_TIMEx_BreakCallback
                         0x800'550d    0x2  Code  Wk  stm32f3xx_hal_tim_ex.o [1]
HAL_TIMEx_CommutCallback
                         0x800'5511    0x2  Code  Wk  stm32f3xx_hal_tim_ex.o [1]
HAL_TIMEx_MasterConfigSynchronization
                         0x800'62f9   0x66  Code  Gb  stm32f3xx_hal_tim_ex.o [1]
HAL_TIM_Base_Init        0x800'4401   0x1a  Code  Gb  stm32f3xx_hal_tim.o [1]
HAL_TIM_Base_MspInit     0x800'4ce7   0x38  Code  Gb  stm32f3xx_hal_msp.o [1]
HAL_TIM_Base_Start_IT    0x800'441b   0x20  Code  Gb  stm32f3xx_hal_tim.o [1]
HAL_TIM_ConfigClockSource
                         0x800'4851   0x90  Code  Gb  stm32f3xx_hal_tim.o [1]
HAL_TIM_Encoder_Init     0x800'453d   0x8c  Code  Gb  stm32f3xx_hal_tim.o [1]
HAL_TIM_Encoder_MspInit
                         0x800'4d1f   0x7c  Code  Gb  stm32f3xx_hal_msp.o [1]
HAL_TIM_Encoder_Start    0x800'45cb   0x1e  Code  Gb  stm32f3xx_hal_tim.o [1]
HAL_TIM_IRQHandler       0x800'4619  0x142  Code  Gb  stm32f3xx_hal_tim.o [1]
HAL_TIM_MspPostInit      0x800'4dab   0x40  Code  Gb  stm32f3xx_hal_msp.o [1]
HAL_TIM_PWM_ConfigChannel
                         0x800'4761   0xbc  Code  Gb  stm32f3xx_hal_tim.o [1]
HAL_TIM_PWM_Init         0x800'446f   0x1a  Code  Gb  stm32f3xx_hal_tim.o [1]
HAL_TIM_PWM_Start        0x800'4489   0x1a  Code  Gb  stm32f3xx_hal_tim.o [1]
HAL_TIM_PWM_Stop         0x800'44ad   0x38  Code  Gb  stm32f3xx_hal_tim.o [1]
HAL_TIM_PeriodElapsedCallback
                         0x800'5471    0xe  Code  Gb  main.o [1]
HardFault_Handler        0x800'9ad7    0x2  Code  Gb  stm32f3xx_it.o [1]
IntToUnicode             0x800'995d   0x26  Code  Lc  usbd_desc.o [1]
LoadInt                  0x800'034b   0x7a  Code  Lc  xprintffull.o [2]
MX_USB_DEVICE_Init       0x800'6379   0x54  Code  Gb  usb_device.o [1]
MemManage_Handler        0x800'9ad9    0x2  Code  Gb  stm32f3xx_it.o [1]
MotorPitch              0x2000'2104   0x1c  Data  Gb  main.o [1]
MotorRoll               0x2000'20e8   0x1c  Data  Gb  main.o [1]
NMI_Handler              0x800'9ad5    0x2  Code  Gb  stm32f3xx_it.o [1]
PCD_EP_ISR_Handler       0x800'8665  0x252  Code  Lc  stm32f3xx_hal_pcd.o [1]
PendSV_Handler           0x800'9ae3    0x2  Code  Gb  stm32f3xx_it.o [1]
Region$$Table$$Base      0x800'9bb8          --   Gb  - Linker created -
Region$$Table$$Limit     0x800'9bdc          --   Gb  - Linker created -
SDADC_EnterInitMode      0x800'626d   0x2e  Code  Lc  stm32f3xx_hal_sdadc.o [1]
SDADC_InjConvStart       0x800'629b   0x5a  Code  Lc  stm32f3xx_hal_sdadc.o [1]
SHT$$INIT_ARRAY$$Base    0x800'9e34          --   Gb  - Linker created -
SHT$$INIT_ARRAY$$Limit   0x800'9e38          --   Gb  - Linker created -
SHT$$PREINIT_ARRAY$$Base
                         0x800'9e34          --   Gb  - Linker created -
SHT$$PREINIT_ARRAY$$Limit
                         0x800'9e34          --   Gb  - Linker created -
SVC_Handler              0x800'9adf    0x2  Code  Gb  stm32f3xx_it.o [1]
SetZero                  0x800'63dd   0x1a  Code  Gb  encoder.o [1]
StopRotation             0x800'9821   0x18  Code  Gb  MotorDC.o [1]
SystemClock_Config       0x800'5397   0x96  Code  Gb  main.o [1]
SystemCoreClock         0x2000'000c    0x4  Data  Gb  system_stm32f3xx.o [1]
SystemInit               0x800'9b41   0x14  Code  Gb  system_stm32f3xx.o [1]
TIM6_DAC1_IRQHandler     0x800'9aeb    0x6  Code  Gb  stm32f3xx_it.o [1]
TIM_Base_SetConfig       0x800'4917   0x98  Code  Gb  stm32f3xx_hal_tim.o [1]
TIM_CCxChannelCmd        0x800'4b4f   0x16  Code  Gb  stm32f3xx_hal_tim.o [1]
TIM_ETR_SetConfig        0x800'4b3b   0x14  Code  Gb  stm32f3xx_hal_tim.o [1]
TIM_ITRx_SetConfig       0x800'4b2b   0x10  Code  Lc  stm32f3xx_hal_tim.o [1]
TIM_OC1_SetConfig        0x800'49af   0x62  Code  Lc  stm32f3xx_hal_tim.o [1]
TIM_OC2_SetConfig        0x800'4a11   0x4e  Code  Gb  stm32f3xx_hal_tim.o [1]
TIM_OC3_SetConfig        0x800'4a5f   0x2e  Code  Lc  stm32f3xx_hal_tim.o [1]
TIM_OC4_SetConfig        0x800'4a8d   0x30  Code  Lc  stm32f3xx_hal_tim.o [1]
TIM_TI1_ConfigInputStage
                         0x800'4ae9   0x1e  Code  Lc  stm32f3xx_hal_tim.o [1]
TIM_TI2_ConfigInputStage
                         0x800'4b07   0x24  Code  Lc  stm32f3xx_hal_tim.o [1]
USBD_CDC                0x2000'001c   0x38  Data  Gb  usbd_cdc.o [1]
USBD_CDC_CfgFSDesc      0x2000'0098   0x44  Data  Gb  usbd_cdc.o [1]
USBD_CDC_CfgHSDesc      0x2000'0054   0x44  Data  Gb  usbd_cdc.o [1]
USBD_CDC_DataIn          0x800'7181   0x48  Code  Lc  usbd_cdc.o [1]
USBD_CDC_DataOut         0x800'71c9   0x2a  Code  Lc  usbd_cdc.o [1]
USBD_CDC_DeInit          0x800'7095   0x44  Code  Lc  usbd_cdc.o [1]
USBD_CDC_DeviceQualifierDesc
                        0x2000'0010    0xc  Data  Lc  usbd_cdc.o [1]
USBD_CDC_EP0_RxReady     0x800'71f3   0x26  Code  Lc  usbd_cdc.o [1]
USBD_CDC_GetDeviceQualifierDescriptor
                         0x800'7231    0x8  Code  Gb  usbd_cdc.o [1]
USBD_CDC_GetFSCfgDesc    0x800'7219    0x8  Code  Lc  usbd_cdc.o [1]
USBD_CDC_GetHSCfgDesc    0x800'7221    0x8  Code  Lc  usbd_cdc.o [1]
USBD_CDC_GetOtherSpeedCfgDesc
                         0x800'7229    0x8  Code  Lc  usbd_cdc.o [1]
USBD_CDC_Init            0x800'7005   0x86  Code  Lc  usbd_cdc.o [1]
USBD_CDC_OtherSpeedCfgDesc
                        0x2000'00dc   0x44  Data  Gb  usbd_cdc.o [1]
USBD_CDC_ReceivePacket   0x800'72a3   0x26  Code  Gb  usbd_cdc.o [1]
USBD_CDC_RegisterInterface
                         0x800'7249    0xe  Code  Gb  usbd_cdc.o [1]
USBD_CDC_SetRxBuffer     0x800'7267    0xc  Code  Gb  usbd_cdc.o [1]
USBD_CDC_SetTxBuffer     0x800'7257   0x10  Code  Gb  usbd_cdc.o [1]
USBD_CDC_Setup           0x800'70d9   0xa8  Code  Lc  usbd_cdc.o [1]
USBD_CDC_TransmitPacket
                         0x800'7273   0x30  Code  Gb  usbd_cdc.o [1]
USBD_ClrClassConfig      0x800'6ddd    0xa  Code  Gb  usbd_core.o [1]
USBD_CtlContinueRx       0x800'7b33    0x4  Code  Gb  usbd_ioreq.o [1]
USBD_CtlContinueSendData
                         0x800'7b0f    0x4  Code  Gb  usbd_ioreq.o [1]
USBD_CtlError            0x800'7aa3   0x16  Code  Gb  usbd_ctlreq.o [1]
USBD_CtlPrepareRx        0x800'7b1f   0x14  Code  Gb  usbd_ioreq.o [1]
USBD_CtlReceiveStatus    0x800'7b51    0xe  Code  Gb  usbd_ioreq.o [1]
USBD_CtlSendData         0x800'7aff   0x10  Code  Gb  usbd_ioreq.o [1]
USBD_CtlSendStatus       0x800'7b43    0xe  Code  Gb  usbd_ioreq.o [1]
USBD_FS_ConfigStrDescriptor
                         0x800'9929    0xc  Code  Gb  usbd_desc.o [1]
USBD_FS_DeviceDesc      0x2000'014c   0x14  Data  Gb  usbd_desc.o [1]
USBD_FS_DeviceDescriptor
                         0x800'98cd    0x8  Code  Gb  usbd_desc.o [1]
USBD_FS_InterfaceStrDescriptor
                         0x800'9951    0xc  Code  Gb  usbd_desc.o [1]
USBD_FS_LangIDStrDescriptor
                         0x800'98d5    0x8  Code  Gb  usbd_desc.o [1]
USBD_FS_ManufacturerStrDescriptor
                         0x800'98e9    0xa  Code  Gb  usbd_desc.o [1]
USBD_FS_ProductStrDescriptor
                         0x800'98dd    0xc  Code  Gb  usbd_desc.o [1]
USBD_FS_SerialStrDescriptor
                         0x800'98fd   0x2c  Code  Gb  usbd_desc.o [1]
USBD_GetDescriptor       0x800'7969  0x10a  Code  Lc  usbd_ctlreq.o [1]
USBD_GetString           0x800'7ab9   0x46  Code  Gb  usbd_ctlreq.o [1]
USBD_Get_USB_Status      0x800'7689   0x12  Code  Lc  usbd_conf.o [1]
USBD_Init                0x800'6d87   0x26  Code  Gb  usbd_core.o [1]
USBD_Interface_fops_FS  0x2000'0120   0x10  Data  Gb  usbd_cdc_if.o [1]
USBD_LL_ClearStallEP     0x800'7617    0xc  Code  Gb  usbd_conf.o [1]
USBD_LL_CloseEP          0x800'75ff    0xc  Code  Gb  usbd_conf.o [1]
USBD_LL_DataInStage      0x800'6ebd   0xae  Code  Gb  usbd_core.o [1]
USBD_LL_DataOutStage     0x800'6e3b   0x7a  Code  Gb  usbd_core.o [1]
USBD_LL_GetRxDataSize    0x800'7663    0x8  Code  Gb  usbd_conf.o [1]
USBD_LL_Init             0x800'755f   0x7a  Code  Gb  usbd_conf.o [1]
USBD_LL_IsStallEP        0x800'7623   0x1c  Code  Gb  usbd_conf.o [1]
USBD_LL_OpenEP           0x800'75e9   0x16  Code  Gb  usbd_conf.o [1]
USBD_LL_PrepareReceive   0x800'7657    0xc  Code  Gb  usbd_conf.o [1]
USBD_LL_Reset            0x800'6f6b   0x52  Code  Gb  usbd_core.o [1]
USBD_LL_Resume           0x800'6fd3   0x12  Code  Gb  usbd_core.o [1]
USBD_LL_SOF              0x800'6fe5   0x18  Code  Gb  usbd_core.o [1]
USBD_LL_SetSpeed         0x800'6fbd    0x6  Code  Gb  usbd_core.o [1]
USBD_LL_SetUSBAddress    0x800'763f    0xc  Code  Gb  usbd_conf.o [1]
USBD_LL_SetupStage       0x800'6de7   0x54  Code  Gb  usbd_core.o [1]
USBD_LL_StallEP          0x800'760b    0xc  Code  Gb  usbd_conf.o [1]
USBD_LL_Start            0x800'75d9    0xa  Code  Gb  usbd_conf.o [1]
USBD_LL_Suspend          0x800'6fc3   0x10  Code  Gb  usbd_core.o [1]
USBD_LL_Transmit         0x800'764b    0xc  Code  Gb  usbd_conf.o [1]
USBD_LangIDDesc         0x2000'0160    0x4  Data  Gb  usbd_desc.o [1]
USBD_ParseSetupRequest   0x800'7a79   0x2a  Code  Gb  usbd_ctlreq.o [1]
USBD_RegisterClass       0x800'6dad   0x10  Code  Gb  usbd_core.o [1]
USBD_SetClassConfig      0x800'6dc7   0x16  Code  Gb  usbd_core.o [1]
USBD_SetConfig::cfgidx  0x2000'25a1    0x1  Data  Lc  usbd_ctlreq.o [1]
USBD_Start               0x800'6dbd    0xa  Code  Gb  usbd_core.o [1]
USBD_StdDevReq           0x800'769d  0x14e  Code  Gb  usbd_ctlreq.o [1]
USBD_StdEPReq            0x800'783f  0x124  Code  Gb  usbd_ctlreq.o [1]
USBD_StdItfReq           0x800'77f1   0x42  Code  Gb  usbd_ctlreq.o [1]
USBD_StrDesc            0x2000'22d8  0x200  Data  Gb  usbd_desc.o [1]
USBD_StringSerial       0x2000'0164   0x1c  Data  Gb  usbd_desc.o [1]
USBD_static_free         0x800'7685    0x2  Code  Gb  usbd_conf.o [1]
USBD_static_malloc       0x800'766b    0x4  Code  Gb  usbd_conf.o [1]
USBD_static_malloc::mem
                        0x2000'1ea0  0x220  Data  Lc  usbd_conf.o [1]
USB_ActivateEndpoint     0x800'8a99  0x258  Code  Gb  stm32f3xx_ll_usb.o [1]
USB_DeactivateEndpoint   0x800'8cf1  0x10c  Code  Gb  stm32f3xx_ll_usb.o [1]
USB_DevConnect           0x800'9043    0x4  Code  Gb  stm32f3xx_ll_usb.o [1]
USB_DevInit              0x800'8a79   0x1a  Code  Gb  stm32f3xx_ll_usb.o [1]
USB_DisableGlobalInt     0x800'8a6f    0xa  Code  Gb  stm32f3xx_ll_usb.o [1]
USB_EP0_OutStart         0x800'904d    0x4  Code  Gb  stm32f3xx_ll_usb.o [1]
USB_EPClearStall         0x800'8fbd   0x7a  Code  Gb  stm32f3xx_ll_usb.o [1]
USB_EPSetStall           0x800'8f8b   0x32  Code  Gb  stm32f3xx_ll_usb.o [1]
USB_EPStartXfer          0x800'8dfd  0x186  Code  Gb  stm32f3xx_ll_usb.o [1]
USB_EnableGlobalInt      0x800'8a65    0xa  Code  Gb  stm32f3xx_ll_usb.o [1]
USB_LP_IRQHandler        0x800'9af7    0x6  Code  Gb  stm32f3xx_it.o [1]
USB_ReadInterrupts       0x800'9047    0x6  Code  Gb  stm32f3xx_ll_usb.o [1]
USB_ReadPMA              0x800'9087   0x28  Code  Gb  stm32f3xx_ll_usb.o [1]
USB_SetDevAddress        0x800'9037    0xc  Code  Gb  stm32f3xx_ll_usb.o [1]
USB_WritePMA             0x800'9063   0x24  Code  Gb  stm32f3xx_ll_usb.o [1]
UsageFault_Handler       0x800'9add    0x2  Code  Gb  stm32f3xx_it.o [1]
UserRxBufferFS          0x2000'0da0  0x3e8  Data  Gb  usbd_cdc_if.o [1]
UserTxBufferFS          0x2000'1188  0x3e8  Data  Gb  usbd_cdc_if.o [1]
_Encoding_8859_1_Mbrlen
                         0x800'1361    0x2  Code  Gb  xencoding_8859_1.o [2]
_Encoding_8859_1_Mbtowc
                         0x800'1359    0x8  Code  Gb  xencoding_8859_1.o [2]
_Encoding_8859_1_Wctomb
                         0x800'1347   0x12  Code  Gb  xencoding_8859_1.o [2]
_GenldFull               0x800'0ddd  0x274  Code  Lc  xprintffull.o [2]
_GetN                    0x800'1fe5   0x22  Code  Lc  xscanffull.o [2]
_GetfldFull              0x800'2223  0x12e  Code  Lc  xscanffull.o [2]
_GetfloatFull            0x800'2875  0x53a  Code  Lc  xscanffull.o [2]
_GetintFull              0x800'2651  0x21e  Code  Lc  xscanffull.o [2]
_GetstrFull              0x800'2395  0x2bc  Code  Lc  xscanffull.o [2]
_LdtobFull               0x800'09b1  0x400  Code  Lc  xprintffull.o [2]
_LitobFull               0x800'0859  0x112  Code  Lc  xprintffull.o [2]
_LocaleC_isalpha         0x800'1183    0xc  Code  Gb  xlocale_c.o [2]
_LocaleC_islower         0x800'117d    0x4  Code  Gb  xlocale_c.o [2]
_LocaleC_isspace         0x800'1199   0x14  Code  Gb  xlocale_c.o [2]
_LocaleC_isupper         0x800'1181    0x2  Code  Gb  xlocale_c.o [2]
_LocaleC_tolower         0x800'11ad    0xc  Code  Gb  xlocale_c.o [2]
_Locale_lconv           0x2000'0180   0x38  Data  Lc  xlocale_c.o [2]
_PrintfFull              0x800'0189  0x1aa  Code  Gb  xprintffull.o [2]
_PutcharsFull            0x800'1051   0x2e  Code  Lc  xprintffull.o [2]
_PutfldFull              0x800'03c5  0x2d8  Code  Lc  xprintffull.o [2]
_PutstrFull              0x800'0793   0xc6  Code  Lc  xprintffull.o [2]
_PuttxtFull              0x800'069d   0xf6  Code  Lc  xprintffull.o [2]
_SProut                  0x800'1493    0xa  Code  Gb  xsprout.o [2]
_SScin                   0x800'13cf   0x1e  Code  Gb  xsscin.o [2]
_ScanfFull               0x800'2021  0x1e6  Code  Gb  xscanffull.o [2]
_UngetN                  0x800'2007   0x1a  Code  Lc  xscanffull.o [2]
__NVIC_SetPriority       0x800'56e1   0x1a  Code  Lc  stm32f3xx_hal_cortex.o [1]
__aeabi_cdcmple          0x800'18e1         Code  Gb  DblCmpLe.o [4]
__aeabi_cdrcmple         0x800'1911         Code  Gb  DblCmpGe.o [4]
__aeabi_d2f              0x800'36d5         Code  Gb  DblToFlt.o [4]
__aeabi_d2iz             0x800'1a7d         Code  Gb  DblToS32.o [4]
__aeabi_d2uiz            0x800'1e09         Code  Gb  DblToU32.o [4]
__aeabi_dadd             0x800'1e55         Code  Gb  DblAdd.o [4]
__aeabi_ddiv             0x800'1bc1         Code  Gb  DblDiv.o [4]
__aeabi_dmul             0x800'16cd         Code  Gb  DblMul.o [4]
__aeabi_dsub             0x800'1add         Code  Gb  DblSub.o [4]
__aeabi_f2d              0x800'9885         Code  Gb  FltToDbl.o [4]
__aeabi_i2d              0x800'1ab9         Code  Gb  S32ToDbl.o [4]
__aeabi_ldiv0            0x800'1e51         Code  Gb  I64DivZer.o [5]
__aeabi_memclr4          0x800'5515         Code  Gb  ABImemclr4.o [5]
__aeabi_memcpy           0x800'13ed         Code  Gb  ABImemcpy.o [5]
__aeabi_memcpy4          0x800'140d         Code  Gb  ABImemcpy.o [5]
__aeabi_memcpy8          0x800'140d         Code  Gb  ABImemcpy.o [5]
__aeabi_ui2d             0x800'1e31         Code  Gb  U32ToDbl.o [4]
__aeabi_uldivmod         0x800'149d         Code  Gb  I64DivMod.o [5]
__call_ctors             0x800'9c1d   0x18  Code  Gb  cppinit.o [2]
__cmain                  0x800'9c35         Code  Gb  cmain.o [5]
__exit                   0x800'1fd1   0x14  Code  Gb  exit.o [6]
__iar_Fail_s             0x800'12d1   0x1c  Code  Gb  xfail_s.o [2]
__iar_Mbcurmax           0x800'13c5    0xa  Code  Gb  xmbcurmax.o [2]
__iar_Memchr             0x800'136d         Code  Gb  memchr.o [5]
__iar_Memset4_word       0x800'6cb5         Code  Gb  ABImemset48.o [5]
__iar_Memset8_word       0x800'6cb5         Code  Gb  ABImemset48.o [5]
__iar_Sto64              0x800'3491  0x19e  Code  Gb  strto64.o [4]
__iar_Stoflt             0x800'3875  0x1c4  Code  Gb  iar_Stoflt.o [2]
__iar_Stollx             0x800'2eed   0x96  Code  Gb  iar_Stollx.o [2]
__iar_Stopfx             0x800'3751  0x122  Code  Gb  iar_Stopfx.o [2]
__iar_Stoullx            0x800'2f8d  0x15c  Code  Gb  iar_Stoullx.o [2]
__iar_Stoxflt            0x800'3a39  0x1e6  Code  Gb  iar_Stoxflt.o [2]
__iar_Stoxflt::digits    0x800'3c24   0x18  Data  Lc  iar_Stoxflt.o [2]
__iar_Stoxflt::vals      0x800'3c3c   0x18  Data  Lc  iar_Stoxflt.o [2]
__iar_Strchr             0x800'1281         Code  Gb  strchr.o [5]
__iar_cstart_call_ctors
                         0x800'9bfd   0x20  Code  Gb  cmain_call_ctors.o [5]
__iar_dadd               0x800'1aed         Code  Gb  DblSub.o [4]
__iar_data_init3         0x800'9b6d   0x28  Code  Gb  data_init.o [5]
__iar_debug_exceptions   0x800'190e    0x1  Data  Gb  unwind_debug.o [6]
__iar_dsub               0x800'1e65         Code  Gb  DblAdd.o [4]
__iar_dsubStart          0x800'1e77         Code  Gb  DblAdd.o [4]
__iar_frexp              0x800'187d         Code  Gb  frexp.o [4]
__iar_frexpl             0x800'187d         Code  Gb  frexp.o [4]
__iar_globLocale        0x2000'01b8   0x48  Data  Lc  xlocale_c.o [2]
__iar_global_Locale      0x800'11b9    0x4  Code  Gb  xlocale_c.o [2]
__iar_init_vfp           0x800'9b95         Code  Gb  fpinit_M.o [4]
__iar_ldexp64            0x800'1941         Code  Gb  ldexp.o [4]
__iar_lz77_init_single3
                         0x800'1103   0x7a  Code  Gb  lz77_init_single.o [5]
__iar_program_start      0x800'9cad         Code  Gb  cstartup_M.o [5]
__iar_scalbln64          0x800'1941         Code  Gb  ldexp.o [4]
__iar_scalbn64           0x800'1941         Code  Gb  ldexp.o [4]
__iar_softfp___iar_frexp64
                         0x800'1871         Code  Gb  frexp.o [4]
__iar_softfp_frexp       0x800'1871         Code  Gb  frexp.o [4]
__iar_softfp_frexpl      0x800'1871         Code  Gb  frexp.o [4]
__iar_tls$$INIT_ARRAY$$Base
                         0x800'9e38          --   Gb  - Linker created -
__iar_tls$$INIT_ARRAY$$Limit
                         0x800'9e38          --   Gb  - Linker created -
__iar_zero_init3         0x800'1297   0x3a  Code  Gb  zero_init3.o [5]
__low_level_init         0x800'9c53    0x4  Code  Gb  low_level_init.o [2]
__sti__routine           0x800'63f9   0x2c  Code  Lc  cli_port.o [1]
__vector_table           0x800'0000         Data  Gb  startup_stm32f373xc.o [1]
_call_main               0x800'9c41         Code  Gb  cmain.o [5]
_exit                    0x800'9c5d         Code  Gb  cexit.o [5]
_gLocale_mblen           0x800'125f    0x4  Code  Gb  xlocale_c.o [2]
_gLocale_mblenInt        0x800'11e1   0x2c  Code  Gb  xlocale_c.o [2]
_gLocale_mbtowc          0x800'1263    0xc  Code  Gb  xlocale_c.o [2]
_gLocale_mbtowcInt       0x800'120d   0x42  Code  Gb  xlocale_c.o [2]
_gLocale_wctomb          0x800'126f    0x4  Code  Gb  xlocale_c.o [2]
_gLocale_wctombInt       0x800'125b    0x4  Code  Gb  xlocale_c.o [2]
_main                    0x800'9c4f         Code  Gb  cmain.o [5]
aPLLMULFactorTable       0x800'6ac4   0x10  Data  Gb  stm32f3xx_hal_rcc.o [1]
aPredivFactorTable       0x800'6ad4   0x10  Data  Gb  stm32f3xx_hal_rcc.o [1]
abort                    0x800'1e4b    0x6  Code  Gb  abort.o [2]
cli::TT_CLI<(int)64, (signed char)8>::Pars(char *, int)
                         0x800'7bad  0x2a4  Code  Gb  cli_port.o [1]
cli::TT_CLI<(int)64, (signed char)8>::Pars(char *, int)::string
                         0x800'9cf0    0x8  Data  Gb  cli_port.o [1]
cli::TT_CLI<(int)64, (signed char)8>::Pars(char *, int)::string (instance 10)
                         0x800'9a44   0x48  Data  Gb  cli_port.o [1]
cli::TT_CLI<(int)64, (signed char)8>::Pars(char *, int)::string (instance 11)
                         0x800'9d08    0x8  Data  Gb  cli_port.o [1]
cli::TT_CLI<(int)64, (signed char)8>::Pars(char *, int)::string (instance 12)
                         0x800'9a8c   0x48  Data  Gb  cli_port.o [1]
cli::TT_CLI<(int)64, (signed char)8>::Pars(char *, int)::string (instance 2)
                         0x800'186e    0x2  Data  Gb  cli_port.o [1]
cli::TT_CLI<(int)64, (signed char)8>::Pars(char *, int)::string (instance 3)
                         0x800'9d38    0x4  Data  Gb  cli_port.o [1]
cli::TT_CLI<(int)64, (signed char)8>::Pars(char *, int)::string (instance 4)
                         0x800'9ca0    0xc  Data  Gb  cli_port.o [1]
cli::TT_CLI<(int)64, (signed char)8>::Pars(char *, int)::string (instance 5)
                         0x800'9cf8    0x8  Data  Gb  cli_port.o [1]
cli::TT_CLI<(int)64, (signed char)8>::Pars(char *, int)::string (instance 6)
                         0x800'99cc   0x78  Data  Gb  cli_port.o [1]
cli::TT_CLI<(int)64, (signed char)8>::Pars(char *, int)::string (instance 7)
                         0x800'9d3c    0x4  Data  Gb  cli_port.o [1]
cli::TT_CLI<(int)64, (signed char)8>::Pars(char *, int)::string (instance 8)
                         0x800'9b0c   0x34  Data  Gb  cli_port.o [1]
cli::TT_CLI<(int)64, (signed char)8>::Pars(char *, int)::string (instance 9)
                         0x800'9d00    0x8  Data  Gb  cli_port.o [1]
cli::TT_CLI<(int)64, (signed char)8>::Process()
                         0x800'73ed   0x88  Code  Gb  cli_port.o [1]
cli::TT_CLI<(int)64, (signed char)8>::ReadString(char *)
                         0x800'7e51  0x480  Code  Gb  cli_port.o [1]
cli::TT_CLI<(int)64, (signed char)8>::ReadString(char *)::string
                         0x800'9d20    0x4  Data  Gb  cli_port.o [1]
cli::TT_CLI<(int)64, (signed char)8>::ReadString(char *)::string (instance 10)
                         0x800'9d2c    0x4  Data  Gb  cli_port.o [1]
cli::TT_CLI<(int)64, (signed char)8>::ReadString(char *)::string (instance 11)
                         0x800'9ce8    0x8  Data  Gb  cli_port.o [1]
cli::TT_CLI<(int)64, (signed char)8>::ReadString(char *)::string (instance 12)
                         0x800'9d30    0x4  Data  Gb  cli_port.o [1]
cli::TT_CLI<(int)64, (signed char)8>::ReadString(char *)::string (instance 2)
                         0x800'9cb8    0x8  Data  Gb  cli_port.o [1]
cli::TT_CLI<(int)64, (signed char)8>::ReadString(char *)::string (instance 3)
                         0x800'9cc0    0x8  Data  Gb  cli_port.o [1]
cli::TT_CLI<(int)64, (signed char)8>::ReadString(char *)::string (instance 4)
                         0x800'9d24    0x4  Data  Gb  cli_port.o [1]
cli::TT_CLI<(int)64, (signed char)8>::ReadString(char *)::string (instance 5)
                         0x800'9d28    0x4  Data  Gb  cli_port.o [1]
cli::TT_CLI<(int)64, (signed char)8>::ReadString(char *)::string (instance 6)
                         0x800'9cc8    0x8  Data  Gb  cli_port.o [1]
cli::TT_CLI<(int)64, (signed char)8>::ReadString(char *)::string (instance 7)
                         0x800'9cd0    0x8  Data  Gb  cli_port.o [1]
cli::TT_CLI<(int)64, (signed char)8>::ReadString(char *)::string (instance 8)
                         0x800'9cd8    0x8  Data  Gb  cli_port.o [1]
cli::TT_CLI<(int)64, (signed char)8>::ReadString(char *)::string (instance 9)
                         0x800'9ce0    0x8  Data  Gb  cli_port.o [1]
cli::TT_CLI<(int)64, (signed char)8>::TT_CLI(TCLI_IO const *, char const *, void (*)(TCLI_IO const *, char *, int))
                         0x800'72c9   0x64  Code  Gb  cli_port.o [1]
cli::TT_CLI_Binder<(int)64>::ReadFromBinder(cli::TT_CLI_Binder<(int)64>::FuncKeys_t, char *)
                         0x800'8a39   0x2a  Code  Gb  cli_port.o [1]
cli::TT_CLI_Binder<(int)64>::bind(char const *, char const *, int)::string
                         0x800'9bdc   0x20  Data  Gb  cli_port.o [1]
cli::TT_CLI_Binder<(int)64>::unbind(char const *)::string
                         0x800'9d34    0x4  Data  Gb  cli_port.o [1]
cli::TT_CLI_Binder<(int)64>::unbind(char const *)::string (instance 2)
                         0x800'9c68   0x14  Data  Gb  cli_port.o [1]
cli::TT_CLI_Binder<(int)64>::unbind(char const *)::string (instance 3)
                         0x800'9c7c   0x14  Data  Gb  cli_port.o [1]
cli::TT_CLI_CycleCmd<(int)64>::cycle_cmd(char *, char)::not_first_repeat
                        0x2000'25a0    0x1  Data  Gb  cli_port.o [1]
cli::TT_CLI_CycleCmd<(int)64>::cycle_cmd_init(char const *, unsigned int, unsigned int, unsigned int)
                         0x800'8a0d   0x2c  Code  Gb  cli_port.o [1]
cli::cli_sleep(unsigned int)
                         0x800'6425   0x10  Code  Gb  cli_port.o [1]
cli_cmd_cmp              0x800'8921   0x1c  Code  Gb  cli.o [1]
cli_prepare_str          0x800'8955   0x4c  Code  Gb  cli.o [1]
cli_seek_first_word      0x800'89a1   0x20  Code  Gb  cli.o [1]
cli_seek_next_word       0x800'89c1   0x22  Code  Gb  cli.o [1]
cli_strupr               0x800'893d   0x18  Code  Gb  cli.o [1]
ddiv                     0x800'3215   0xc8  Code  Lc  strto64.o [4]
digits                   0x800'30f8   0x28  Data  Lc  iar_Stoullx.o [2]
dmul                     0x800'3149   0xca  Code  Lc  strto64.o [4]
exit                     0x800'9c57    0x4  Code  Gb  exit.o [2]
hUsbDeviceFS            0x2000'1970  0x2c4  Data  Gb  usb_device.o [1]
hcan                    0x2000'20c0   0x28  Data  Gb  main.o [1]
hdma_sdadc1             0x2000'24d8   0x44  Data  Gb  main.o [1]
hpcd_USB_FS             0x2000'1c34  0x26c  Data  Gb  usbd_conf.o [1]
hsdadc1                 0x2000'2140   0x44  Data  Gb  main.o [1]
hsdadc3                 0x2000'2184   0x44  Data  Gb  main.o [1]
htim2                   0x2000'21c8   0x40  Data  Gb  main.o [1]
htim3                   0x2000'2208   0x40  Data  Gb  main.o [1]
htim4                   0x2000'2248   0x40  Data  Gb  main.o [1]
htim5                   0x2000'2288   0x40  Data  Gb  main.o [1]
htim6                   0x2000'255c   0x40  Data  Gb  stm32f3xx_hal_timebase_tim.o [1]
isalpha                  0x800'36c1   0x14  Code  Gb  isalpha.o [2]
isspace                  0x800'2ed9   0x14  Code  Gb  isspace.o [2]
ldexp                    0x800'1941         Code  Gb  ldexp.o [4]
ldexpl                   0x800'1941         Code  Gb  ldexp.o [4]
localeconv               0x800'1273    0x4  Code  Gb  xlocale_c.o [2]
main                     0x800'4e4d  0x53a  Code  Gb  main.o [1]
memchr                   0x800'136d         Code  Gb  memchr.o [5]
ndigs                    0x800'3120   0x28  Data  Lc  iar_Stoullx.o [2]
pows                     0x800'3678   0x48  Data  Lc  strto64.o [4]
ranmatch                 0x800'2351   0x44  Code  Lc  xscanffull.o [2]
rotation                 0x800'96fd  0x11c  Code  Gb  MotorDC.o [1]
scalbln                  0x800'1941         Code  Gb  ldexp.o [4]
scalblnl                 0x800'1941         Code  Gb  ldexp.o [4]
scalbn                   0x800'1941         Code  Gb  ldexp.o [4]
scalbnl                  0x800'1941         Code  Gb  ldexp.o [4]
scale                    0x800'096b   0x46  Code  Lc  xprintffull.o [2]
sec_hand                0x2000'259c    0x4  Data  Lc  xfail_s.o [2]
sscanf                   0x800'89e5   0x28  Code  Gb  sscanf.o [2]
strchr                   0x800'1281         Code  Gb  strchr.o [5]
strcpy                   0x800'7b61         Code  Gb  strcpy.o [5]
strlen                   0x800'1311         Code  Gb  strlen.o [5]
strtoll                  0x800'2f85    0x2  Code  Gb  iar_Stollx.o [2]
strtoull                 0x800'30f1    0x2  Code  Gb  iar_Stoullx.o [2]
tolower                  0x800'373d   0x14  Code  Gb  tolower.o [2]
uwTick                  0x2000'0004    0x4  Data  Gb  stm32f3xx_hal.o [1]
uwTickFreq              0x2000'0000    0x1  Data  Gb  stm32f3xx_hal.o [1]
uwTickPrio              0x2000'0008    0x4  Data  Gb  stm32f3xx_hal.o [1]
vbat                    0x2000'22c8   0x10  Data  Gb  main.o [1]
vsprintf                 0x800'7399   0x34  Code  Gb  vsprintf.o [2]
vsscanf                  0x800'73cd   0x20  Code  Gb  vsscanf.o [2]
wctob                    0x800'2e9d   0x32  Code  Gb  wctob.o [2]


[1] = C:\Users\Чистое небо\Desktop\Э.01.00.00 Беспилотный мотодельтаплан\Блок управления электроприводами\firmware\Electric-motor-control\EWARM\Electric motor control\Obj
[2] = dl7M_tlf.a
[3] = dlpp7M_tl_fc.a
[4] = m7M_tls.a
[5] = rt7M_tl.a
[6] = shb_l.a

  37 957 bytes of readonly  code memory
   2 823 bytes of readonly  data memory
  10 658 bytes of readwrite data memory

Errors: none
Warnings: none
