###############################################################################
#
# IAR ELF Linker V8.30.1.114/W32 for ARM                  20/Apr/2020  17:20:49
# Copyright 2007-2018 IAR Systems AB.
#
#    Output file  =  
#        C:\Users\Чистое небо\Desktop\Э.01.00.00
#        Беспилотный мотодельтаплан\Блок
#        управления
#        электроприводами\firmware\Electric-motor-control\EWARM\Electric
#        motor control\Exe\Electric motor control.out
#    Map file     =  
#        C:\Users\Чистое небо\Desktop\Э.01.00.00
#        Беспилотный мотодельтаплан\Блок
#        управления
#        электроприводами\firmware\Electric-motor-control\EWARM\Electric
#        motor control\List\Electric motor control.map
#    Command line =  
#        -f C:\Users\A146~1\AppData\Local\Temp\EW6035.tmp
#        ("C:\Users\Чистое небо\Desktop\Э.01.00.00
#        Беспилотный мотодельтаплан\Блок
#        управления
#        электроприводами\firmware\Electric-motor-control\EWARM\Electric
#        motor control\Obj\main.o" "C:\Users\Чистое
#        небо\Desktop\Э.01.00.00 Беспилотный
#        мотодельтаплан\Блок управления
#        электроприводами\firmware\Electric-motor-control\EWARM\Electric
#        motor control\Obj\startup_stm32f373xc.o" "C:\Users\Чистое
#        небо\Desktop\Э.01.00.00 Беспилотный
#        мотодельтаплан\Блок управления
#        электроприводами\firmware\Electric-motor-control\EWARM\Electric
#        motor control\Obj\stm32f3xx_hal.o" "C:\Users\Чистое
#        небо\Desktop\Э.01.00.00 Беспилотный
#        мотодельтаплан\Блок управления
#        электроприводами\firmware\Electric-motor-control\EWARM\Electric
#        motor control\Obj\stm32f3xx_hal_can.o" "C:\Users\Чистое
#        небо\Desktop\Э.01.00.00 Беспилотный
#        мотодельтаплан\Блок управления
#        электроприводами\firmware\Electric-motor-control\EWARM\Electric
#        motor control\Obj\stm32f3xx_hal_cortex.o" "C:\Users\Чистое
#        небо\Desktop\Э.01.00.00 Беспилотный
#        мотодельтаплан\Блок управления
#        электроприводами\firmware\Electric-motor-control\EWARM\Electric
#        motor control\Obj\stm32f3xx_hal_dma.o" "C:\Users\Чистое
#        небо\Desktop\Э.01.00.00 Беспилотный
#        мотодельтаплан\Блок управления
#        электроприводами\firmware\Electric-motor-control\EWARM\Electric
#        motor control\Obj\stm32f3xx_hal_exti.o" "C:\Users\Чистое
#        небо\Desktop\Э.01.00.00 Беспилотный
#        мотодельтаплан\Блок управления
#        электроприводами\firmware\Electric-motor-control\EWARM\Electric
#        motor control\Obj\stm32f3xx_hal_flash.o" "C:\Users\Чистое
#        небо\Desktop\Э.01.00.00 Беспилотный
#        мотодельтаплан\Блок управления
#        электроприводами\firmware\Electric-motor-control\EWARM\Electric
#        motor control\Obj\stm32f3xx_hal_flash_ex.o" "C:\Users\Чистое
#        небо\Desktop\Э.01.00.00 Беспилотный
#        мотодельтаплан\Блок управления
#        электроприводами\firmware\Electric-motor-control\EWARM\Electric
#        motor control\Obj\stm32f3xx_hal_gpio.o" "C:\Users\Чистое
#        небо\Desktop\Э.01.00.00 Беспилотный
#        мотодельтаплан\Блок управления
#        электроприводами\firmware\Electric-motor-control\EWARM\Electric
#        motor control\Obj\stm32f3xx_hal_i2c.o" "C:\Users\Чистое
#        небо\Desktop\Э.01.00.00 Беспилотный
#        мотодельтаплан\Блок управления
#        электроприводами\firmware\Electric-motor-control\EWARM\Electric
#        motor control\Obj\stm32f3xx_hal_i2c_ex.o" "C:\Users\Чистое
#        небо\Desktop\Э.01.00.00 Беспилотный
#        мотодельтаплан\Блок управления
#        электроприводами\firmware\Electric-motor-control\EWARM\Electric
#        motor control\Obj\stm32f3xx_hal_msp.o" "C:\Users\Чистое
#        небо\Desktop\Э.01.00.00 Беспилотный
#        мотодельтаплан\Блок управления
#        электроприводами\firmware\Electric-motor-control\EWARM\Electric
#        motor control\Obj\stm32f3xx_hal_pwr.o" "C:\Users\Чистое
#        небо\Desktop\Э.01.00.00 Беспилотный
#        мотодельтаплан\Блок управления
#        электроприводами\firmware\Electric-motor-control\EWARM\Electric
#        motor control\Obj\stm32f3xx_hal_pwr_ex.o" "C:\Users\Чистое
#        небо\Desktop\Э.01.00.00 Беспилотный
#        мотодельтаплан\Блок управления
#        электроприводами\firmware\Electric-motor-control\EWARM\Electric
#        motor control\Obj\stm32f3xx_hal_rcc.o" "C:\Users\Чистое
#        небо\Desktop\Э.01.00.00 Беспилотный
#        мотодельтаплан\Блок управления
#        электроприводами\firmware\Electric-motor-control\EWARM\Electric
#        motor control\Obj\stm32f3xx_hal_rcc_ex.o" "C:\Users\Чистое
#        небо\Desktop\Э.01.00.00 Беспилотный
#        мотодельтаплан\Блок управления
#        электроприводами\firmware\Electric-motor-control\EWARM\Electric
#        motor control\Obj\stm32f3xx_hal_sdadc.o" "C:\Users\Чистое
#        небо\Desktop\Э.01.00.00 Беспилотный
#        мотодельтаплан\Блок управления
#        электроприводами\firmware\Electric-motor-control\EWARM\Electric
#        motor control\Obj\stm32f3xx_hal_tim.o" "C:\Users\Чистое
#        небо\Desktop\Э.01.00.00 Беспилотный
#        мотодельтаплан\Блок управления
#        электроприводами\firmware\Electric-motor-control\EWARM\Electric
#        motor control\Obj\stm32f3xx_hal_tim_ex.o" "C:\Users\Чистое
#        небо\Desktop\Э.01.00.00 Беспилотный
#        мотодельтаплан\Блок управления
#        электроприводами\firmware\Electric-motor-control\EWARM\Electric
#        motor control\Obj\stm32f3xx_hal_timebase_tim.o" "C:\Users\Чистое
#        небо\Desktop\Э.01.00.00 Беспилотный
#        мотодельтаплан\Блок управления
#        электроприводами\firmware\Electric-motor-control\EWARM\Electric
#        motor control\Obj\stm32f3xx_it.o" "C:\Users\Чистое
#        небо\Desktop\Э.01.00.00 Беспилотный
#        мотодельтаплан\Блок управления
#        электроприводами\firmware\Electric-motor-control\EWARM\Electric
#        motor control\Obj\system_stm32f3xx.o" --redirect _Printf=_PrintfFull
#        --redirect _Scanf=_ScanfFull --no_out_extension -o
#        "C:\Users\Чистое небо\Desktop\Э.01.00.00
#        Беспилотный мотодельтаплан\Блок
#        управления
#        электроприводами\firmware\Electric-motor-control\EWARM\Electric
#        motor control\Exe\Electric motor control.out" --map
#        "C:\Users\Чистое небо\Desktop\Э.01.00.00
#        Беспилотный мотодельтаплан\Блок
#        управления
#        электроприводами\firmware\Electric-motor-control\EWARM\Electric
#        motor control\List\Electric motor control.map" --config
#        "C:\Users\Чистое небо\Desktop\Э.01.00.00
#        Беспилотный мотодельтаплан\Блок
#        управления
#        электроприводами\firmware\Electric-motor-control\EWARM/stm32f373xc_flash.icf"
#        --semihosting --entry __iar_program_start --vfe --text_out locale)
#
###############################################################################

*******************************************************************************
*** RUNTIME MODEL ATTRIBUTES
***

CppFlavor       = *
__SystemLibrary = DLib
__dlib_version  = 6


*******************************************************************************
*** HEAP SELECTION
***

The basic heap was selected because no calls to memory allocation
functions were found in the application outside of system library
functions, and there are calls to deallocation functions in the
application.


*******************************************************************************
*** PLACEMENT SUMMARY
***

"A0":  place at 0x800'0000 { ro section .intvec };
"P1":  place in [from 0x800'0000 to 0x803'ffff] { ro };
define block CSTACK with size = 1K, alignment = 8 { };
define block HEAP with size = 512, alignment = 8 { };
"P2":  place in [from 0x2000'0000 to 0x2000'7fff] {
          rw, block CSTACK, block HEAP };
initialize by copy { rw };

  Section            Kind         Address    Size  Object
  -------            ----         -------    ----  ------
"A0":                                       0x188
  .intvec            ro code   0x800'0000   0x188  startup_stm32f373xc.o [1]
                             - 0x800'0188   0x188

"P1":                                      0x1e64
  .text              ro code   0x800'0188   0x644  stm32f3xx_hal_tim.o [1]
  .text              ro code   0x800'07cc   0x29c  stm32f3xx_hal_msp.o [1]
  .text              ro code   0x800'0a68     0x2  stm32f3xx_hal_tim.o [1]
  .text              ro code   0x800'0a6a     0x2  stm32f3xx_hal_tim.o [1]
  .text              ro code   0x800'0a6c     0x2  stm32f3xx_hal_tim.o [1]
  .text              ro code   0x800'0a6e    0x3a  zero_init3.o [4]
  .text              ro code   0x800'0aa8   0x4d4  main.o [1]
  .text              ro code   0x800'0f7c     0x2  stm32f3xx_hal_tim_ex.o [1]
  .text              ro code   0x800'0f7e     0x2  stm32f3xx_hal_tim.o [1]
  .text              ro code   0x800'0f80     0x2  stm32f3xx_hal_tim_ex.o [1]
  .text              ro code   0x800'0f82     0x2  stm32f3xx_hal_tim.o [1]
  .text              ro code   0x800'0f84     0x6  ABImemclr4.o [4]
  .text              ro code   0x800'0f8c   0x1c4  stm32f3xx_hal_gpio.o [1]
  .text              ro code   0x800'1150    0x24  stm32f3xx_hal.o [1]
  .text              ro code   0x800'1174   0x2ec  stm32f3xx_hal_can.o [1]
  .text              ro code   0x800'1460    0x9c  stm32f3xx_hal_sdadc.o [1]
  .text              ro code   0x800'14fc    0x28  stm32f3xx_hal.o [1]
  .text              ro code   0x800'1524    0x80  stm32f3xx_hal_tim_ex.o [1]
  .text              ro code   0x800'15a4   0x4f0  stm32f3xx_hal_rcc.o [1]
  .text              ro code   0x800'1a94   0x16c  stm32f3xx_hal_rcc_ex.o [1]
  .text              ro code   0x800'1c00    0x2c  stm32f3xx_hal_pwr_ex.o [1]
  .text              ro code   0x800'1c2c    0x10  stm32f3xx_hal.o [1]
  .text              ro code   0x800'1c3c    0x32  ABImemset48.o [4]
  .text              ro code   0x800'1c70    0x98  stm32f3xx_hal_cortex.o [1]
  .text              ro code   0x800'1d08    0x78  stm32f3xx_hal_timebase_tim.o [1]
  .text              ro code   0x800'1d80     0xc  stm32f3xx_hal.o [1]
  .text              ro code   0x800'1d8c    0x2c  system_stm32f3xx.o [1]
  .text              ro code   0x800'1db8    0x2c  copy_init3.o [4]
  .text              ro code   0x800'1de4    0x28  data_init.o [4]
  .text              ro code   0x800'1e0c    0x22  fpinit_M.o [3]
  .iar.init_table    const     0x800'1e30    0x24  - Linker created -
  .text              ro code   0x800'1e54    0x1e  cmain.o [4]
  .text              ro code   0x800'1e72     0x4  low_level_init.o [2]
  .text              ro code   0x800'1e76     0x4  exit.o [2]
  .text              ro code   0x800'1e7c     0xa  cexit.o [4]
  .text              ro code   0x800'1e88    0x14  exit.o [5]
  .text              ro code   0x800'1e9c    0x1c  stm32f3xx_it.o [1]
  .text              ro code   0x800'1eb8    0x10  startup_stm32f373xc.o [1]
  Initializer bytes  const     0x800'1ec8    0x10  <for P2-1>
  .text              ro code   0x800'1ed8     0xc  cstartup_M.o [4]
  .rodata            const     0x800'1ee4     0x8  system_stm32f3xx.o [1]
  .text              ro code   0x800'1eec     0x4  startup_stm32f373xc.o [1]
  .text              ro code   0x800'1ef0     0x4  startup_stm32f373xc.o [1]
  .text              ro code   0x800'1ef4     0x4  startup_stm32f373xc.o [1]
  .text              ro code   0x800'1ef8     0x4  startup_stm32f373xc.o [1]
  .text              ro code   0x800'1efc     0x4  startup_stm32f373xc.o [1]
  .text              ro code   0x800'1f00     0x4  startup_stm32f373xc.o [1]
  .text              ro code   0x800'1f04     0x4  startup_stm32f373xc.o [1]
  .text              ro code   0x800'1f08     0x4  startup_stm32f373xc.o [1]
  .text              ro code   0x800'1f0c     0x4  startup_stm32f373xc.o [1]
  .text              ro code   0x800'1f10     0x4  startup_stm32f373xc.o [1]
  .text              ro code   0x800'1f14     0x4  startup_stm32f373xc.o [1]
  .text              ro code   0x800'1f18     0x4  startup_stm32f373xc.o [1]
  .text              ro code   0x800'1f1c     0x4  startup_stm32f373xc.o [1]
  .text              ro code   0x800'1f20     0x4  startup_stm32f373xc.o [1]
  .text              ro code   0x800'1f24     0x4  startup_stm32f373xc.o [1]
  .text              ro code   0x800'1f28     0x4  startup_stm32f373xc.o [1]
  .text              ro code   0x800'1f2c     0x4  startup_stm32f373xc.o [1]
  .text              ro code   0x800'1f30     0x4  startup_stm32f373xc.o [1]
  .text              ro code   0x800'1f34     0x4  startup_stm32f373xc.o [1]
  .text              ro code   0x800'1f38     0x4  startup_stm32f373xc.o [1]
  .text              ro code   0x800'1f3c     0x4  startup_stm32f373xc.o [1]
  .text              ro code   0x800'1f40     0x4  startup_stm32f373xc.o [1]
  .text              ro code   0x800'1f44     0x4  startup_stm32f373xc.o [1]
  .text              ro code   0x800'1f48     0x4  startup_stm32f373xc.o [1]
  .text              ro code   0x800'1f4c     0x4  startup_stm32f373xc.o [1]
  .text              ro code   0x800'1f50     0x4  startup_stm32f373xc.o [1]
  .text              ro code   0x800'1f54     0x4  startup_stm32f373xc.o [1]
  .text              ro code   0x800'1f58     0x4  startup_stm32f373xc.o [1]
  .text              ro code   0x800'1f5c     0x4  startup_stm32f373xc.o [1]
  .text              ro code   0x800'1f60     0x4  startup_stm32f373xc.o [1]
  .text              ro code   0x800'1f64     0x4  startup_stm32f373xc.o [1]
  .text              ro code   0x800'1f68     0x4  startup_stm32f373xc.o [1]
  .text              ro code   0x800'1f6c     0x4  startup_stm32f373xc.o [1]
  .text              ro code   0x800'1f70     0x4  startup_stm32f373xc.o [1]
  .text              ro code   0x800'1f74     0x4  startup_stm32f373xc.o [1]
  .text              ro code   0x800'1f78     0x4  startup_stm32f373xc.o [1]
  .text              ro code   0x800'1f7c     0x4  startup_stm32f373xc.o [1]
  .text              ro code   0x800'1f80     0x4  startup_stm32f373xc.o [1]
  .text              ro code   0x800'1f84     0x4  startup_stm32f373xc.o [1]
  .text              ro code   0x800'1f88     0x4  startup_stm32f373xc.o [1]
  .text              ro code   0x800'1f8c     0x4  startup_stm32f373xc.o [1]
  .text              ro code   0x800'1f90     0x4  startup_stm32f373xc.o [1]
  .text              ro code   0x800'1f94     0x4  startup_stm32f373xc.o [1]
  .text              ro code   0x800'1f98     0x4  startup_stm32f373xc.o [1]
  .text              ro code   0x800'1f9c     0x4  startup_stm32f373xc.o [1]
  .text              ro code   0x800'1fa0     0x4  startup_stm32f373xc.o [1]
  .text              ro code   0x800'1fa4     0x4  startup_stm32f373xc.o [1]
  .text              ro code   0x800'1fa8     0x4  startup_stm32f373xc.o [1]
  .text              ro code   0x800'1fac     0x4  startup_stm32f373xc.o [1]
  .text              ro code   0x800'1fb0     0x4  startup_stm32f373xc.o [1]
  .text              ro code   0x800'1fb4     0x4  startup_stm32f373xc.o [1]
  .text              ro code   0x800'1fb8     0x4  startup_stm32f373xc.o [1]
  .text              ro code   0x800'1fbc     0x4  startup_stm32f373xc.o [1]
  .text              ro code   0x800'1fc0     0x4  startup_stm32f373xc.o [1]
  .text              ro code   0x800'1fc4     0x4  startup_stm32f373xc.o [1]
  .text              ro code   0x800'1fc8     0x4  startup_stm32f373xc.o [1]
  .text              ro code   0x800'1fcc     0x4  startup_stm32f373xc.o [1]
  .text              ro code   0x800'1fd0     0x4  startup_stm32f373xc.o [1]
  .text              ro code   0x800'1fd4     0x4  startup_stm32f373xc.o [1]
  .text              ro code   0x800'1fd8     0x4  startup_stm32f373xc.o [1]
  .text              ro code   0x800'1fdc     0x4  startup_stm32f373xc.o [1]
  .text              ro code   0x800'1fe0     0x4  startup_stm32f373xc.o [1]
  .text              ro code   0x800'1fe4     0x4  startup_stm32f373xc.o [1]
  .text              ro code   0x800'1fe8     0x4  startup_stm32f373xc.o [1]
  .rodata            const     0x800'1fec     0x0  zero_init3.o [4]
  .rodata            const     0x800'1fec     0x0  copy_init3.o [4]
                             - 0x800'1fec  0x1e64

"P2", part 1 of 3:                           0x10
  P2-1                        0x2000'0000    0x10  <Init block>
    .data            inited   0x2000'0000     0xc  stm32f3xx_hal.o [1]
    .data            inited   0x2000'000c     0x4  system_stm32f3xx.o [1]
                            - 0x2000'0010    0x10

"P2", part 2 of 3:                          0x1f0
  .bss               zero     0x2000'0010   0x1b0  main.o [1]
  .bss               zero     0x2000'01c0    0x40  stm32f3xx_hal_timebase_tim.o [1]
                            - 0x2000'0200   0x1f0

"P2", part 3 of 3:                          0x400
  CSTACK                      0x2000'0200   0x400  <Block>
    CSTACK           uninit   0x2000'0200   0x400  <Block tail>
                            - 0x2000'0600   0x400

Unused ranges:

         From           To      Size
         ----           --      ----
   0x800'1fec   0x803'ffff  0x3'e014
  0x2000'0600  0x2000'7fff    0x7a00


*******************************************************************************
*** INIT TABLE
***

          Address      Size
          -------      ----
Zero (__iar_zero_init3)
    1 destination range, total size 0x1f0:
          0x2000'0010  0x1f0

Copy (__iar_copy_init3)
    1 source range, total size 0x10:
           0x800'1ec8   0x10
    1 destination range, total size 0x10:
          0x2000'0000   0x10



*******************************************************************************
*** MODULE SUMMARY
***

    Module                        ro code  ro data  rw data
    ------                        -------  -------  -------
command line/config:
    -------------------------------------------------------
    Total:

C:\Users\Чистое небо\Desktop\Э.01.00.00 Беспилотный мотодельтаплан\Блок управления электроприводами\firmware\Electric-motor-control\EWARM\Electric motor control\Obj: [1]
    main.o                          1 236               432
    startup_stm32f373xc.o             664
    stm32f3xx_hal.o                   104       12       12
    stm32f3xx_hal_can.o               748
    stm32f3xx_hal_cortex.o            152
    stm32f3xx_hal_gpio.o              452
    stm32f3xx_hal_msp.o               668
    stm32f3xx_hal_pwr_ex.o             44
    stm32f3xx_hal_rcc.o             1 264
    stm32f3xx_hal_rcc_ex.o            364
    stm32f3xx_hal_sdadc.o             156
    stm32f3xx_hal_tim.o             1 614
    stm32f3xx_hal_tim_ex.o            132
    stm32f3xx_hal_timebase_tim.o      120                64
    stm32f3xx_it.o                     28
    system_stm32f3xx.o                 44       12        4
    -------------------------------------------------------
    Total:                          7 790       24      512

dl7M_tln.a: [2]
    exit.o                              4
    low_level_init.o                    4
    -------------------------------------------------------
    Total:                              8

m7M_tls.a: [3]
    fpinit_M.o                         34
    -------------------------------------------------------
    Total:                             34

rt7M_tl.a: [4]
    ABImemclr4.o                        6
    ABImemset48.o                      50
    cexit.o                            10
    cmain.o                            30
    copy_init3.o                       44
    cstartup_M.o                       12
    data_init.o                        40
    zero_init3.o                       58
    -------------------------------------------------------
    Total:                            250

shb_l.a: [5]
    exit.o                             20
    -------------------------------------------------------
    Total:                             20

    Gaps                                8        2
    Linker created                              36    1 024
-----------------------------------------------------------
    Grand Total:                    8 110       62    1 536


*******************************************************************************
*** ENTRY LIST
***

Entry                       Address   Size  Type      Object
-----                       -------   ----  ----      ------
.iar.init_table$$Base    0x800'1e30          --   Gb  - Linker created -
.iar.init_table$$Limit   0x800'1e54          --   Gb  - Linker created -
?main                    0x800'1e55         Code  Gb  cmain.o [4]
AHBPrescTable            0x800'1da8   0x10  Data  Gb  system_stm32f3xx.o [1]
APBPrescTable            0x800'1ee4    0x8  Data  Gb  system_stm32f3xx.o [1]
BusFault_Handler         0x800'1ea3    0x2  Code  Gb  stm32f3xx_it.o [1]
CSTACK$$Base            0x2000'0200          --   Gb  - Linker created -
CSTACK$$Limit           0x2000'0600          --   Gb  - Linker created -
DebugMon_Handler         0x800'1ea9    0x2  Code  Gb  stm32f3xx_it.o [1]
Error_Handler            0x800'0f15   0x10  Code  Gb  main.o [1]
HAL_CAN_AddTxMessage     0x800'1397   0xc4  Code  Gb  stm32f3xx_hal_can.o [1]
HAL_CAN_ConfigFilter     0x800'1263   0xb0  Code  Gb  stm32f3xx_hal_can.o [1]
HAL_CAN_Init             0x800'1175   0xe6  Code  Gb  stm32f3xx_hal_can.o [1]
HAL_CAN_MspInit          0x800'07f9   0x5e  Code  Gb  stm32f3xx_hal_msp.o [1]
HAL_CAN_Start            0x800'1325   0x4c  Code  Gb  stm32f3xx_hal_can.o [1]
HAL_Delay                0x800'14fd   0x28  Code  Wk  stm32f3xx_hal.o [1]
HAL_GPIO_Init            0x800'0f8d  0x192  Code  Gb  stm32f3xx_hal_gpio.o [1]
HAL_GPIO_TogglePin       0x800'1129    0xc  Code  Gb  stm32f3xx_hal_gpio.o [1]
HAL_GPIO_WritePin        0x800'111f    0xa  Code  Gb  stm32f3xx_hal_gpio.o [1]
HAL_GetTick              0x800'1d81    0xc  Code  Wk  stm32f3xx_hal.o [1]
HAL_IncTick              0x800'1c2d   0x10  Code  Wk  stm32f3xx_hal.o [1]
HAL_Init                 0x800'1151   0x20  Code  Gb  stm32f3xx_hal.o [1]
HAL_InitTick             0x800'1d09   0x68  Code  Gb  stm32f3xx_hal_timebase_tim.o [1]
HAL_MspInit              0x800'07cd   0x2c  Code  Gb  stm32f3xx_hal_msp.o [1]
HAL_NVIC_EnableIRQ       0x800'1cdf   0x16  Code  Gb  stm32f3xx_hal_cortex.o [1]
HAL_NVIC_SetPriority     0x800'1ca5   0x3a  Code  Gb  stm32f3xx_hal_cortex.o [1]
HAL_NVIC_SetPriorityGrouping
                         0x800'1c8b   0x1a  Code  Gb  stm32f3xx_hal_cortex.o [1]
HAL_PWREx_EnableSDADC    0x800'1c01   0x22  Code  Gb  stm32f3xx_hal_pwr_ex.o [1]
HAL_RCCEx_PeriphCLKConfig
                         0x800'1a95  0x160  Code  Gb  stm32f3xx_hal_rcc_ex.o [1]
HAL_RCC_ClockConfig      0x800'18b3   0xe2  Code  Gb  stm32f3xx_hal_rcc.o [1]
HAL_RCC_GetClockConfig   0x800'1a0f   0x36  Code  Gb  stm32f3xx_hal_rcc.o [1]
HAL_RCC_GetPCLK1Freq     0x800'19f9   0x10  Code  Gb  stm32f3xx_hal_rcc.o [1]
HAL_RCC_GetSysClockFreq
                         0x800'19bd   0x3c  Code  Gb  stm32f3xx_hal_rcc.o [1]
HAL_RCC_OscConfig        0x800'15a5  0x2fc  Code  Gb  stm32f3xx_hal_rcc.o [1]
HAL_SDADC_Init           0x800'1461   0x98  Code  Gb  stm32f3xx_hal_sdadc.o [1]
HAL_SDADC_MspInit        0x800'0857   0x82  Code  Gb  stm32f3xx_hal_msp.o [1]
HAL_TIMEx_BreakCallback
                         0x800'0f7d    0x2  Code  Wk  stm32f3xx_hal_tim_ex.o [1]
HAL_TIMEx_CommutCallback
                         0x800'0f81    0x2  Code  Wk  stm32f3xx_hal_tim_ex.o [1]
HAL_TIMEx_MasterConfigSynchronization
                         0x800'1525   0x66  Code  Gb  stm32f3xx_hal_tim_ex.o [1]
HAL_TIM_Base_Init        0x800'0189   0x1a  Code  Gb  stm32f3xx_hal_tim.o [1]
HAL_TIM_Base_MspInit     0x800'0915   0x38  Code  Gb  stm32f3xx_hal_msp.o [1]
HAL_TIM_Base_Start_IT    0x800'01a3   0x20  Code  Gb  stm32f3xx_hal_tim.o [1]
HAL_TIM_ConfigClockSource
                         0x800'04c7   0x90  Code  Gb  stm32f3xx_hal_tim.o [1]
HAL_TIM_Encoder_Init     0x800'0201   0x8c  Code  Gb  stm32f3xx_hal_tim.o [1]
HAL_TIM_Encoder_MspInit
                         0x800'094d   0x7e  Code  Gb  stm32f3xx_hal_msp.o [1]
HAL_TIM_IRQHandler       0x800'028f  0x142  Code  Gb  stm32f3xx_hal_tim.o [1]
HAL_TIM_MspPostInit      0x800'09d5   0x42  Code  Gb  stm32f3xx_hal_msp.o [1]
HAL_TIM_PWM_ConfigChannel
                         0x800'03d7   0xbc  Code  Gb  stm32f3xx_hal_tim.o [1]
HAL_TIM_PWM_Init         0x800'01d7   0x1a  Code  Gb  stm32f3xx_hal_tim.o [1]
HAL_TIM_PeriodElapsedCallback
                         0x800'0f07    0xe  Code  Gb  main.o [1]
HardFault_Handler        0x800'1e9f    0x2  Code  Gb  stm32f3xx_it.o [1]
MX_GPIO_Init             0x800'0e45   0xaa  Code  Lc  main.o [1]
MemManage_Handler        0x800'1ea1    0x2  Code  Gb  stm32f3xx_it.o [1]
NMI_Handler              0x800'1e9d    0x2  Code  Gb  stm32f3xx_it.o [1]
PendSV_Handler           0x800'1eab    0x2  Code  Gb  stm32f3xx_it.o [1]
Region$$Table$$Base      0x800'1e30          --   Gb  - Linker created -
Region$$Table$$Limit     0x800'1e54          --   Gb  - Linker created -
SVC_Handler              0x800'1ea7    0x2  Code  Gb  stm32f3xx_it.o [1]
SystemClock_Config       0x800'0db3   0x92  Code  Gb  main.o [1]
SystemCoreClock         0x2000'000c    0x4  Data  Gb  system_stm32f3xx.o [1]
SystemInit               0x800'1d8d   0x14  Code  Gb  system_stm32f3xx.o [1]
TIM6_DAC1_IRQHandler     0x800'1ead    0x6  Code  Gb  stm32f3xx_it.o [1]
TIM_Base_SetConfig       0x800'058f   0x98  Code  Gb  stm32f3xx_hal_tim.o [1]
TIM_ETR_SetConfig        0x800'07b3   0x14  Code  Gb  stm32f3xx_hal_tim.o [1]
TIM_ITRx_SetConfig       0x800'07a3   0x10  Code  Lc  stm32f3xx_hal_tim.o [1]
TIM_OC1_SetConfig        0x800'0627   0x62  Code  Lc  stm32f3xx_hal_tim.o [1]
TIM_OC2_SetConfig        0x800'0689   0x4e  Code  Gb  stm32f3xx_hal_tim.o [1]
TIM_OC3_SetConfig        0x800'06d7   0x2e  Code  Lc  stm32f3xx_hal_tim.o [1]
TIM_OC4_SetConfig        0x800'0705   0x30  Code  Lc  stm32f3xx_hal_tim.o [1]
TIM_TI1_ConfigInputStage
                         0x800'0761   0x1e  Code  Lc  stm32f3xx_hal_tim.o [1]
TIM_TI2_ConfigInputStage
                         0x800'077f   0x24  Code  Lc  stm32f3xx_hal_tim.o [1]
UsageFault_Handler       0x800'1ea5    0x2  Code  Gb  stm32f3xx_it.o [1]
__NVIC_SetPriority       0x800'1c71   0x1a  Code  Lc  stm32f3xx_hal_cortex.o [1]
__aeabi_memclr4          0x800'0f85         Code  Gb  ABImemclr4.o [4]
__cmain                  0x800'1e55         Code  Gb  cmain.o [4]
__exit                   0x800'1e89   0x14  Code  Gb  exit.o [5]
__iar_Memset4_word       0x800'1c3d         Code  Gb  ABImemset48.o [4]
__iar_Memset8_word       0x800'1c3d         Code  Gb  ABImemset48.o [4]
__iar_copy_init3         0x800'1db9   0x2c  Code  Gb  copy_init3.o [4]
__iar_data_init3         0x800'1de5   0x28  Code  Gb  data_init.o [4]
__iar_init_vfp           0x800'1e0d         Code  Gb  fpinit_M.o [3]
__iar_program_start      0x800'1ed9         Code  Gb  cstartup_M.o [4]
__iar_zero_init3         0x800'0a6f   0x3a  Code  Gb  zero_init3.o [4]
__low_level_init         0x800'1e73    0x4  Code  Gb  low_level_init.o [2]
__vector_table           0x800'0000         Data  Gb  startup_stm32f373xc.o [1]
_call_main               0x800'1e61         Code  Gb  cmain.o [4]
_exit                    0x800'1e7d         Code  Gb  cexit.o [4]
_main                    0x800'1e6f         Code  Gb  cmain.o [4]
aPLLMULFactorTable       0x800'1a74   0x10  Data  Gb  stm32f3xx_hal_rcc.o [1]
aPredivFactorTable       0x800'1a84   0x10  Data  Gb  stm32f3xx_hal_rcc.o [1]
exit                     0x800'1e77    0x4  Code  Gb  exit.o [2]
hcan                    0x2000'0010   0x28  Data  Gb  main.o [1]
hsdadc1                 0x2000'0138   0x44  Data  Gb  main.o [1]
hsdadc3                 0x2000'017c   0x44  Data  Gb  main.o [1]
htim2                   0x2000'0038   0x40  Data  Gb  main.o [1]
htim3                   0x2000'0078   0x40  Data  Gb  main.o [1]
htim4                   0x2000'00b8   0x40  Data  Gb  main.o [1]
htim5                   0x2000'00f8   0x40  Data  Gb  main.o [1]
htim6                   0x2000'01c0   0x40  Data  Gb  stm32f3xx_hal_timebase_tim.o [1]
main                     0x800'0aa9  0x2e8  Code  Gb  main.o [1]
uwTick                  0x2000'0004    0x4  Data  Gb  stm32f3xx_hal.o [1]
uwTickFreq              0x2000'0000    0x1  Data  Gb  stm32f3xx_hal.o [1]
uwTickPrio              0x2000'0008    0x4  Data  Gb  stm32f3xx_hal.o [1]


[1] = C:\Users\Чистое небо\Desktop\Э.01.00.00 Беспилотный мотодельтаплан\Блок управления электроприводами\firmware\Electric-motor-control\EWARM\Electric motor control\Obj
[2] = dl7M_tln.a
[3] = m7M_tls.a
[4] = rt7M_tl.a
[5] = shb_l.a

  8 110 bytes of readonly  code memory
     62 bytes of readonly  data memory
  1 536 bytes of readwrite data memory

Errors: none
Warnings: none
